71.226.128.12 user-identifier - [03/Apr/2019:20:28:25 +0000] "GET /assets/Images/Canyonville-Oregon.jpg HTTP/1.1" 200 333492 "-" "Mozilla/5.0 (iPhone; CPU iPhone OS 12_2 like Mac OS X) AppleWebKit/605.1.15 (KHTML, like Gecko) Version/12.1 Mobile/15E148 Safari/604.1"
71.226.128.12 user-identifier - [03/Apr/2019:20:28:25 +0000] "GET /assets/Images/Big-Sur-California.jpg HTTP/1.1" 200 241363 "-" "Mozilla/5.0 (iPhone; CPU iPhone OS 12_2 like Mac OS X) AppleWebKit/605.1.15 (KHTML, like Gecko) Version/12.1 Mobile/15E148 Safari/604.1"
71.226.128.12 user-identifier - [03/Apr/2019:20:28:25 +0000] "GET /assets/Images/Wooden-Shelter-Alps.jpg HTTP/1.1" 200 372391 "-" "Mozilla/5.0 (iPhone; CPU iPhone OS 12_2 like Mac OS X) AppleWebKit/605.1.15 (KHTML, like Gecko) Version/12.1 Mobile/15E148 Safari/604.1"
71.226.128.12 user-identifier - [03/Apr/2019:20:28:43 +0000] "GET /assets/Images/Homestead_back.jpg HTTP/1.1" 200 275052 "-" "Mozilla/5.0 (iPhone; CPU iPhone OS 12_2 like Mac OS X) AppleWebKit/605.1.15 (KHTML, like Gecko) Version/12.1 Mobile/15E148 Safari/604.1"
71.226.128.12 user-identifier - [03/Apr/2019:20:45:45 +0000] "GET /blog/doing-monetization-well.html HTTP/1.1" 200 5922 "-" "Mozilla/5.0 (Macintosh; Intel Mac OS X 10_14_3) AppleWebKit/537.36 (KHTML, like Gecko) Chrome/73.0.3683.86 Safari/537.36"
128.30.52.140 user-identifier - [03/Apr/2019:21:29:52 +0000] "GET /rss.xml HTTP/1.1" 200 932603 "-" "FeedValidator/1.3"
71.226.128.12 user-identifier - [03/Apr/2019:21:37:46 +0000] "GET /rss.xml HTTP/1.1" 200 933247 "-" "Mozilla/5.0 (Macintosh; Intel Mac OS X 10_14_3) AppleWebKit/537.36 (KHTML, like Gecko) Chrome/73.0.3683.86 Safari/537.36"
50.116.54.8 user-identifier - [03/Apr/2019:21:36:40 +0000] "GET /rss.xml HTTP/1.1" 200 932603 "-" "Feed Wrangler/1.0 (http://feedwrangler.net; Allow like Gecko)"
23.239.11.46 user-identifier - [03/Apr/2019:21:01:05 +0000] "GET / HTTP/1.1" 200 2079 "-" "-"
162.246.57.122 user-identifier - [03/Apr/2019:21:32:17 +0000] "GET /rss.xml HTTP/1.0" 200 932603 "-" "FeedBucket/1.0 (+http://www.feedbucket.com)"
71.226.128.12 user-identifier - [03/Apr/2019:21:00:52 +0000] "GET /rss.xml HTTP/1.1" 200 889821 "-" "Mozilla/5.0 (Macintosh; Intel Mac OS X 10_14_3) AppleWebKit/537.36 (KHTML, like Gecko) Chrome/73.0.3683.86 Safari/537.36"
71.226.128.12 user-identifier - [03/Apr/2019:21:32:53 +0000] "GET /assets/Images/Pocosin-Cabin.jpg HTTP/1.1" 200 776402 "-" "Mozilla/5.0 (Macintosh; Intel Mac OS X 10_14_3) AppleWebKit/537.36 (KHTML, like Gecko) Chrome/73.0.3683.86 Safari/537.36"
71.226.128.12 user-identifier - [03/Apr/2019:21:32:53 +0000] "GET /assets/Images/Folkstad-Norway.jpg HTTP/1.1" 200 899318 "-" "Mozilla/5.0 (Macintosh; Intel Mac OS X 10_14_3) AppleWebKit/537.36 (KHTML, like Gecko) Chrome/73.0.3683.86 Safari/537.36"
128.30.52.140 user-identifier - [03/Apr/2019:21:22:54 +0000] "GET /rss.xml HTTP/1.1" 200 935990 "-" "FeedValidator/1.3"
71.226.128.12 user-identifier - [03/Apr/2019:21:32:53 +0000] "GET /assets/Images/Crested-Butte-CO.jpg HTTP/1.1" 200 902149 "-" "Mozilla/5.0 (Macintosh; Intel Mac OS X 10_14_3) AppleWebKit/537.36 (KHTML, like Gecko) Chrome/73.0.3683.86 Safari/537.36"
50.116.54.8 user-identifier - [03/Apr/2019:21:30:27 +0000] "GET / HTTP/1.1" 200 2079 "-" "Mozilla/5.0 (Macintosh; Intel Mac OS X 10_6_8) AppleWebKit/537.13+ (KHTML, like Gecko) Version/5.1.7 Safari/534.57.2"
45.79.148.82 user-identifier - [03/Apr/2019:21:21:23 +0000] "GET / HTTP/1.1" 200 2079 "-" "-"
23.239.11.46 user-identifier - [03/Apr/2019:21:01:05 +0000] "GET / HTTP/1.1" 200 2079 "-" "Mozilla/5.0 (Macintosh; Intel Mac OS X 10_6_8) AppleWebKit/537.13+ (KHTML, like Gecko) Version/5.1.7 Safari/534.57.2"
45.79.148.82 user-identifier - [03/Apr/2019:21:21:22 +0000] "GET / HTTP/1.1" 200 2079 "-" "Mozilla/5.0 (Macintosh; Intel Mac OS X 10_6_8) AppleWebKit/537.13+ (KHTML, like Gecko) Version/5.1.7 Safari/534.57.2"
71.226.128.12 user-identifier - [03/Apr/2019:21:38:50 +0000] "GET /rss.xml HTTP/1.1" 304 933247 "-" "Mozilla/5.0 (Macintosh; Intel Mac OS X 10_14_3) AppleWebKit/537.36 (KHTML, like Gecko) Chrome/73.0.3683.86 Safari/537.36"
162.246.57.122 user-identifier - [03/Apr/2019:21:32:08 +0000] "GET / HTTP/1.0" 200 2079 "-" "FeedBucket/1.0 (+http://www.feedbucket.com)"
50.116.54.8 user-identifier - [03/Apr/2019:21:30:27 +0000] "GET / HTTP/1.1" 200 2079 "-" "-"
71.226.128.12 user-identifier - [03/Apr/2019:21:21:03 +0000] "GET /rss.xml HTTP/1.1" 200 935990 "-" "Mozilla/5.0 (Macintosh; Intel Mac OS X 10_14_3) AppleWebKit/537.36 (KHTML, like Gecko) Chrome/73.0.3683.86 Safari/537.36"
71.226.128.12 user-identifier - [03/Apr/2019:21:30:08 +0000] "GET /rss.xml HTTP/1.1" 200 932603 "-" "Mozilla/5.0 (Macintosh; Intel Mac OS X 10_14_3) AppleWebKit/537.36 (KHTML, like Gecko) Chrome/73.0.3683.86 Safari/537.36"
71.226.128.12 user-identifier - [03/Apr/2019:21:50:10 +0000] "GET /rss.xml HTTP/1.1" 304 933247 "-" "Mozilla/5.0 (Macintosh; Intel Mac OS X 10_14_3) AppleWebKit/537.36 (KHTML, like Gecko) Chrome/73.0.3683.86 Safari/537.36"
162.246.57.122 user-identifier - [03/Apr/2019:21:32:08 +0000] "GET / HTTP/1.1" 200 2079 "-" "-"
71.226.128.12 user-identifier - [03/Apr/2019:22:02:01 +0000] "GET /rss.xml HTTP/1.1" 200 933247 "-" "Reeder/3.2.02 CFNetwork/978.0.7 Darwin/18.5.0"
71.226.128.12 user-identifier - [03/Apr/2019:22:02:03 +0000] "GET / HTTP/1.1" 200 2079 "-" "Reeder/3.2.02 CFNetwork/978.0.7 Darwin/18.5.0"
71.226.128.12 user-identifier - [03/Apr/2019:22:02:03 +0000] "GET /rss.xml HTTP/1.1" 200 933247 "-" "Reeder/3.2.02 CFNetwork/978.0.7 Darwin/18.5.0"
71.226.128.12 user-identifier - [03/Apr/2019:22:02:03 +0000] "HEAD /apple-touch-icon.png HTTP/1.1" 404 - "-" "Reeder/3.2.02 CFNetwork/978.0.7 Darwin/18.5.0"
71.226.128.12 user-identifier - [03/Apr/2019:22:02:03 +0000] "HEAD /favicon.ico HTTP/1.1" 404 - "-" "Reeder/3.2.02 CFNetwork/978.0.7 Darwin/18.5.0"
71.226.128.12 user-identifier - [03/Apr/2019:22:02:04 +0000] "HEAD /apple-touch-icon-precomposed.png HTTP/1.1" 404 - "-" "Reeder/3.2.02 CFNetwork/978.0.7 Darwin/18.5.0"
104.238.217.123 user-identifier - [03/Apr/2019:23:54:56 +0000] "GET / HTTP/1.1" 200 2081 "-" "Mozilla/4.0 (compatible; MSIE 8.0; Windows NT 6.0)"
71.226.128.12 user-identifier - [03/Apr/2019:23:08:14 +0000] "GET / HTTP/1.1" 304 4952 "-" "Mozilla/5.0 (Macintosh; Intel Mac OS X 10_14_3) AppleWebKit/537.36 (KHTML, like Gecko) Chrome/73.0.3683.86 Safari/537.36"
71.226.128.12 user-identifier - [03/Apr/2019:23:14:55 +0000] "GET / HTTP/1.1" 200 2081 "-" "Mozilla/5.0 (Macintosh; Intel Mac OS X 10_14_3) AppleWebKit/537.36 (KHTML, like Gecko) Chrome/73.0.3683.86 Safari/537.36"
71.226.128.12 user-identifier - [03/Apr/2019:23:15:17 +0000] "GET /rss.xml HTTP/1.1" 200 932603 "-" "Mozilla/5.0 (Macintosh; Intel Mac OS X 10_14_3) AppleWebKit/537.36 (KHTML, like Gecko) Chrome/73.0.3683.86 Safari/537.36"
71.226.128.12 user-identifier - [03/Apr/2019:23:06:50 +0000] "GET / HTTP/1.1" 200 4952 "-" "Mozilla/5.0 (Macintosh; Intel Mac OS X 10_14_3) AppleWebKit/537.36 (KHTML, like Gecko) Chrome/73.0.3683.86 Safari/537.36"
71.226.128.12 user-identifier - [03/Apr/2019:23:06:52 +0000] "GET / HTTP/1.1" 304 4952 "-" "Mozilla/5.0 (Macintosh; Intel Mac OS X 10_14_3) AppleWebKit/537.36 (KHTML, like Gecko) Chrome/73.0.3683.86 Safari/537.36"
71.226.128.12 user-identifier - [03/Apr/2019:23:06:55 +0000] "GET / HTTP/1.1" 304 4952 "-" "Mozilla/5.0 (Macintosh; Intel Mac OS X 10_14_3) AppleWebKit/537.36 (KHTML, like Gecko) Chrome/73.0.3683.86 Safari/537.36"
71.226.128.12 user-identifier - [03/Apr/2019:23:10:34 +0000] "GET /assets/main.css HTTP/1.1" 200 3366 "-" "Mozilla/5.0 (Macintosh; Intel Mac OS X 10_14_3) AppleWebKit/537.36 (KHTML, like Gecko) Chrome/73.0.3683.86 Safari/537.36"
71.226.128.12 user-identifier - [03/Apr/2019:23:10:35 +0000] "GET /assets/favicon_512.ico HTTP/1.1" 200 17734 "-" "Mozilla/5.0 (Macintosh; Intel Mac OS X 10_14_3) AppleWebKit/537.36 (KHTML, like Gecko) Chrome/73.0.3683.86 Safari/537.36"
71.226.128.12 user-identifier - [03/Apr/2019:23:02:49 +0000] "GET /assets/Images/zjs.jpg HTTP/1.1" 200 137939 "-" "Mozilla/5.0 (Macintosh; Intel Mac OS X 10_14_3) AppleWebKit/537.36 (KHTML, like Gecko) Chrome/73.0.3683.86 Safari/537.36"
71.226.128.12 user-identifier - [03/Apr/2019:23:02:49 +0000] "GET / HTTP/1.1" 200 2081 "-" "Mozilla/5.0 (Macintosh; Intel Mac OS X 10_14_3) AppleWebKit/537.36 (KHTML, like Gecko) Chrome/73.0.3683.86 Safari/537.36"
71.226.128.12 user-identifier - [03/Apr/2019:23:02:50 +0000] "GET /assets/favicon_192.ico HTTP/1.1" 200 6144 "-" "Mozilla/5.0 (Macintosh; Intel Mac OS X 10_14_3) AppleWebKit/537.36 (KHTML, like Gecko) Chrome/73.0.3683.86 Safari/537.36"
71.226.128.12 user-identifier - [03/Apr/2019:23:02:50 +0000] "GET /assets/favicon_512.ico HTTP/1.1" 200 17734 "-" "Mozilla/5.0 (Macintosh; Intel Mac OS X 10_14_3) AppleWebKit/537.36 (KHTML, like Gecko) Chrome/73.0.3683.86 Safari/537.36"
71.226.128.12 user-identifier - [03/Apr/2019:23:03:01 +0000] "GET / HTTP/1.1" 304 2081 "-" "Mozilla/5.0 (Macintosh; Intel Mac OS X 10_14_3) AppleWebKit/537.36 (KHTML, like Gecko) Chrome/73.0.3683.86 Safari/537.36"
71.226.128.12 user-identifier - [03/Apr/2019:23:03:21 +0000] "GET /m_sw.js HTTP/1.1" 200 2804 "-" "Mozilla/5.0 (Macintosh; Intel Mac OS X 10_14_3) AppleWebKit/537.36 (KHTML, like Gecko) Chrome/73.0.3683.86 Safari/537.36"
71.226.128.12 user-identifier - [03/Apr/2019:23:03:31 +0000] "GET / HTTP/1.1" 304 2081 "-" "Mozilla/5.0 (Macintosh; Intel Mac OS X 10_14_3) AppleWebKit/537.36 (KHTML, like Gecko) Chrome/73.0.3683.86 Safari/537.36"
71.226.128.12 user-identifier - [03/Apr/2019:23:03:32 +0000] "GET /assets/Images/zjs.jpg HTTP/1.1" 200 137939 "-" "Mozilla/5.0 (Macintosh; Intel Mac OS X 10_14_3) AppleWebKit/537.36 (KHTML, like Gecko) Chrome/73.0.3683.86 Safari/537.36"
71.226.128.12 user-identifier - [03/Apr/2019:23:03:32 +0000] "GET /assets/main.css HTTP/1.1" 200 3366 "-" "Mozilla/5.0 (Macintosh; Intel Mac OS X 10_14_3) AppleWebKit/537.36 (KHTML, like Gecko) Chrome/73.0.3683.86 Safari/537.36"
71.226.128.12 user-identifier - [03/Apr/2019:23:03:32 +0000] "GET / HTTP/1.1" 200 2081 "-" "Mozilla/5.0 (Macintosh; Intel Mac OS X 10_14_3) AppleWebKit/537.36 (KHTML, like Gecko) Chrome/73.0.3683.86 Safari/537.36"
71.226.128.12 user-identifier - [03/Apr/2019:23:09:30 +0000] "GET / HTTP/1.1" 304 4952 "-" "Mozilla/5.0 (Macintosh; Intel Mac OS X 10_14_3) AppleWebKit/537.36 (KHTML, like Gecko) Chrome/73.0.3683.86 Safari/537.36"
71.226.128.12 user-identifier - [03/Apr/2019:23:10:22 +0000] "GET / HTTP/1.1" 200 4952 "-" "Mozilla/5.0 (Macintosh; Intel Mac OS X 10_14_3) AppleWebKit/537.36 (KHTML, like Gecko) Chrome/73.0.3683.86 Safari/537.36"
71.226.128.12 user-identifier - [03/Apr/2019:23:10:23 +0000] "GET /assets/favicon_512.ico HTTP/1.1" 200 17734 "-" "Mozilla/5.0 (Macintosh; Intel Mac OS X 10_14_3) AppleWebKit/537.36 (KHTML, like Gecko) Chrome/73.0.3683.86 Safari/537.36"
71.226.128.12 user-identifier - [03/Apr/2019:23:10:23 +0000] "GET /assets/Images/zjs.jpg HTTP/1.1" 200 137939 "-" "Mozilla/5.0 (Macintosh; Intel Mac OS X 10_14_3) AppleWebKit/537.36 (KHTML, like Gecko) Chrome/73.0.3683.86 Safari/537.36"
71.226.128.12 user-identifier - [03/Apr/2019:23:10:23 +0000] "GET /assets/main.css HTTP/1.1" 200 3366 "-" "Mozilla/5.0 (Macintosh; Intel Mac OS X 10_14_3) AppleWebKit/537.36 (KHTML, like Gecko) Chrome/73.0.3683.86 Safari/537.36"
71.226.128.12 user-identifier - [03/Apr/2019:23:10:33 +0000] "GET / HTTP/1.1" 304 4952 "-" "Mozilla/5.0 (Macintosh; Intel Mac OS X 10_14_3) AppleWebKit/537.36 (KHTML, like Gecko) Chrome/73.0.3683.86 Safari/537.36"
71.226.128.12 user-identifier - [03/Apr/2019:23:10:34 +0000] "GET / HTTP/1.1" 200 4952 "-" "Mozilla/5.0 (Macintosh; Intel Mac OS X 10_14_3) AppleWebKit/537.36 (KHTML, like Gecko) Chrome/73.0.3683.86 Safari/537.36"
71.226.128.12 user-identifier - [03/Apr/2019:23:10:34 +0000] "GET /assets/favicon_512.ico HTTP/1.1" 200 17734 "-" "Mozilla/5.0 (Macintosh; Intel Mac OS X 10_14_3) AppleWebKit/537.36 (KHTML, like Gecko) Chrome/73.0.3683.86 Safari/537.36"
71.226.128.12 user-identifier - [03/Apr/2019:23:10:34 +0000] "GET /assets/Images/zjs.jpg HTTP/1.1" 200 137939 "-" "Mozilla/5.0 (Macintosh; Intel Mac OS X 10_14_3) AppleWebKit/537.36 (KHTML, like Gecko) Chrome/73.0.3683.86 Safari/537.36"
71.226.128.12 user-identifier - [03/Apr/2019:23:02:29 +0000] "GET /assets/favicon_512.ico HTTP/1.1" 200 17734 "-" "Mozilla/5.0 (Macintosh; Intel Mac OS X 10_14_3) AppleWebKit/537.36 (KHTML, like Gecko) Chrome/73.0.3683.86 Safari/537.36"
71.226.128.12 user-identifier - [03/Apr/2019:23:02:29 +0000] "GET /assets/favicon_192.ico HTTP/1.1" 200 6144 "-" "Mozilla/5.0 (Macintosh; Intel Mac OS X 10_14_3) AppleWebKit/537.36 (KHTML, like Gecko) Chrome/73.0.3683.86 Safari/537.36"
71.226.128.12 user-identifier - [03/Apr/2019:23:02:29 +0000] "GET / HTTP/1.1" 200 2081 "-" "Mozilla/5.0 (Macintosh; Intel Mac OS X 10_14_3) AppleWebKit/537.36 (KHTML, like Gecko) Chrome/73.0.3683.86 Safari/537.36"
71.226.128.12 user-identifier - [03/Apr/2019:23:02:29 +0000] "GET /assets/Images/zjs.jpg HTTP/1.1" 200 137939 "-" "Mozilla/5.0 (Macintosh; Intel Mac OS X 10_14_3) AppleWebKit/537.36 (KHTML, like Gecko) Chrome/73.0.3683.86 Safari/537.36"
71.226.128.12 user-identifier - [03/Apr/2019:23:02:32 +0000] "GET /projects.html HTTP/1.1" 200 8373 "-" "Mozilla/5.0 (Macintosh; Intel Mac OS X 10_14_3) AppleWebKit/537.36 (KHTML, like Gecko) Chrome/73.0.3683.86 Safari/537.36"
71.226.128.12 user-identifier - [03/Apr/2019:23:02:32 +0000] "GET /assets/Images/4Runner_sleeping_platform.jpg HTTP/1.1" 200 157526 "-" "Mozilla/5.0 (Macintosh; Intel Mac OS X 10_14_3) AppleWebKit/537.36 (KHTML, like Gecko) Chrome/73.0.3683.86 Safari/537.36"
71.226.128.12 user-identifier - [03/Apr/2019:23:02:32 +0000] "GET /assets/Images/Homestead.jpg HTTP/1.1" 200 156441 "-" "Mozilla/5.0 (Macintosh; Intel Mac OS X 10_14_3) AppleWebKit/537.36 (KHTML, like Gecko) Chrome/73.0.3683.86 Safari/537.36"
71.226.128.12 user-identifier - [03/Apr/2019:23:15:41 +0000] "GET /rss.xml HTTP/1.1" 200 932603 "-" "Reeder/3.2.02 CFNetwork/978.0.7 Darwin/18.5.0"
71.226.128.12 user-identifier - [03/Apr/2019:23:02:29 +0000] "GET /assets/main.css HTTP/1.1" 200 3366 "-" "Mozilla/5.0 (Macintosh; Intel Mac OS X 10_14_3) AppleWebKit/537.36 (KHTML, like Gecko) Chrome/73.0.3683.86 Safari/537.36"
71.226.128.12 user-identifier - [03/Apr/2019:23:02:32 +0000] "GET /assets/Images/Homestead_back.jpg HTTP/1.1" 200 275052 "-" "Mozilla/5.0 (Macintosh; Intel Mac OS X 10_14_3) AppleWebKit/537.36 (KHTML, like Gecko) Chrome/73.0.3683.86 Safari/537.36"
71.226.128.12 user-identifier - [03/Apr/2019:23:02:49 +0000] "GET /assets/main.css HTTP/1.1" 200 3366 "-" "Mozilla/5.0 (Macintosh; Intel Mac OS X 10_14_3) AppleWebKit/537.36 (KHTML, like Gecko) Chrome/73.0.3683.86 Safari/537.36"
71.226.128.12 user-identifier - [03/Apr/2019:23:16:03 +0000] "GET /blog/on-design.html HTTP/1.1" 200 6165 "-" "Mozilla/5.0 (iPhone; CPU iPhone OS 12_2 like Mac OS X) AppleWebKit/605.1.15 (KHTML, like Gecko) Version/12.1 Mobile/15E148 Safari/604.1"
71.226.128.12 user-identifier - [03/Apr/2019:23:02:32 +0000] "GET /assets/Images/Homestead_full.jpg HTTP/1.1" 200 246278 "-" "Mozilla/5.0 (Macintosh; Intel Mac OS X 10_14_3) AppleWebKit/537.36 (KHTML, like Gecko) Chrome/73.0.3683.86 Safari/537.36"
71.226.128.12 user-identifier - [03/Apr/2019:23:02:37 +0000] "GET /rss.xml HTTP/1.1" 200 932603 "-" "Mozilla/5.0 (Macintosh; Intel Mac OS X 10_14_3) AppleWebKit/537.36 (KHTML, like Gecko) Chrome/73.0.3683.86 Safari/537.36"
71.226.128.12 user-identifier - [03/Apr/2019:23:05:11 +0000] "GET / HTTP/1.1" 200 4910 "-" "Mozilla/5.0 (Macintosh; Intel Mac OS X 10_14_3) AppleWebKit/537.36 (KHTML, like Gecko) Chrome/73.0.3683.86 Safari/537.36"
71.226.128.12 user-identifier - [03/Apr/2019:23:05:13 +0000] "GET / HTTP/1.1" 304 4910 "-" "Mozilla/5.0 (Macintosh; Intel Mac OS X 10_14_3) AppleWebKit/537.36 (KHTML, like Gecko) Chrome/73.0.3683.86 Safari/537.36"
71.226.128.12 user-identifier - [03/Apr/2019:23:05:15 +0000] "GET / HTTP/1.1" 304 4910 "-" "Mozilla/5.0 (Macintosh; Intel Mac OS X 10_14_3) AppleWebKit/537.36 (KHTML, like Gecko) Chrome/73.0.3683.86 Safari/537.36"
104.238.248.15 user-identifier - [04/Apr/2019:09:44:03 +0000] "GET / HTTP/1.1" 200 2081 "-" "Mozilla/4.0 (compatible; MSIE 8.0; Windows NT 6.0)"
128.30.52.72 user-identifier - [04/Apr/2019:11:57:23 +0000] "GET /rss.xml HTTP/1.1" 200 948446 "-" "Validator.nu/LV http://validator.w3.org/services"
128.30.52.64 user-identifier - [04/Apr/2019:11:57:25 +0000] "GET /rss.xml HTTP/1.1" 200 948446 "-" "Validator.nu/LV http://validator.w3.org/services"
128.30.52.96 user-identifier - [04/Apr/2019:11:56:16 +0000] "GET /rss.xml HTTP/1.1" 200 948349 "-" "W3C_Validator/1.3 http://validator.w3.org/services"
128.30.52.72 user-identifier - [04/Apr/2019:11:57:42 +0000] "GET /rss.xml HTTP/1.1" 200 948446 "-" "W3C_Validator/1.3 http://validator.w3.org/services"
128.30.52.134 user-identifier - [04/Apr/2019:11:57:42 +0000] "GET /rss.xml HTTP/1.1" 200 948446 "-" "Validator.nu/LV http://validator.w3.org/services"
128.30.52.134 user-identifier - [04/Apr/2019:11:57:55 +0000] "GET /rss.xml HTTP/1.1" 200 948446 "-" "Validator.nu/LV http://validator.w3.org/services"
71.226.128.12 user-identifier - [04/Apr/2019:11:57:28 +0000] "GET /rss.xml HTTP/1.1" 200 948446 "-" "Mozilla/5.0 (Macintosh; Intel Mac OS X 10_14_4) AppleWebKit/537.36 (KHTML, like Gecko) Chrome/73.0.3683.86 Safari/537.36"
71.226.128.12 user-identifier - [04/Apr/2019:11:40:55 +0000] "GET /assets/Images/zjs.jpg HTTP/1.1" 304 137939 "-" "Mozilla/5.0 (Macintosh; Intel Mac OS X 10_14_4) AppleWebKit/537.36 (KHTML, like Gecko) Chrome/73.0.3683.86 Safari/537.36"
71.226.128.12 user-identifier - [04/Apr/2019:11:40:55 +0000] "GET / HTTP/1.1" 304 2081 "-" "Mozilla/5.0 (Macintosh; Intel Mac OS X 10_14_4) AppleWebKit/537.36 (KHTML, like Gecko) Chrome/73.0.3683.86 Safari/537.36"
71.226.128.12 user-identifier - [04/Apr/2019:11:58:22 +0000] "GET /rss.xml HTTP/1.1" 304 948446 "-" "Mozilla/5.0 (Macintosh; Intel Mac OS X 10_14_4) AppleWebKit/537.36 (KHTML, like Gecko) Chrome/73.0.3683.86 Safari/537.36"
128.30.52.72 user-identifier - [04/Apr/2019:11:58:19 +0000] "GET /rss.xml HTTP/1.1" 200 948446 "-" "Validator.nu/LV http://validator.w3.org/services"
71.226.128.12 user-identifier - [04/Apr/2019:11:55:29 +0000] "GET /rss.xml HTTP/1.1" 200 948349 "-" "Mozilla/5.0 (Macintosh; Intel Mac OS X 10_14_4) AppleWebKit/537.36 (KHTML, like Gecko) Chrome/73.0.3683.86 Safari/537.36"
71.226.128.12 user-identifier - [04/Apr/2019:11:55:32 +0000] "GET /rss.xml HTTP/1.1" 304 948349 "-" "Mozilla/5.0 (Macintosh; Intel Mac OS X 10_14_4) AppleWebKit/537.36 (KHTML, like Gecko) Chrome/73.0.3683.86 Safari/537.36"
128.30.52.134 user-identifier - [04/Apr/2019:11:56:17 +0000] "GET /rss.xml HTTP/1.1" 200 948349 "-" "Validator.nu/LV http://validator.w3.org/services"
