104.192.74.46 user-identifier - [01/Apr/2019:09:53:07 +0000] "GET /blog/the-end-of-this-week-in-podcasts.html HTTP/1.1" 200 2244 "-" "Mozilla"
104.192.74.46 user-identifier - [01/Apr/2019:09:53:07 +0000] "GET /blog/http://vimeo.com/105686970 HTTP/1.1" 404 1352 "http://zacs.site/blog/http://vimeo.com/105686970" "Mozilla/5.0 (Macintosh; Intel Mac OS X 10_12_1) AppleWebKit/537.36 (KHTML, like Gecko) Chrome/58.0.3029.110 Safari/537.36"
104.192.74.46 user-identifier - [01/Apr/2019:09:53:06 +0000] "GET /blog/institutionalized-unity.html HTTP/1.1" 200 3893 "http://zacs.site/blog/institutionalized-unity.html" "Mozilla/5.0 (Macintosh; Intel Mac OS X 10_12_1) AppleWebKit/537.36 (KHTML, like Gecko) Chrome/58.0.3029.110 Safari/537.36"
104.192.74.46 user-identifier - [01/Apr/2019:09:53:08 +0000] "GET /blog/cascade-mountains-excursion.html HTTP/1.1" 200 1624 "http://zacs.site/blog/cascade-mountains-excursion.html" "Mozilla/5.0 (Macintosh; Intel Mac OS X 10_12_1) AppleWebKit/537.36 (KHTML, like Gecko) Chrome/58.0.3029.110 Safari/537.36"
104.192.74.46 user-identifier - [01/Apr/2019:09:53:06 +0000] "GET /projects.html HTTP/1.1" 200 8353 "http://zacs.site/projects.html" "Mozilla/5.0 (Macintosh; Intel Mac OS X 10_12_1) AppleWebKit/537.36 (KHTML, like Gecko) Chrome/58.0.3029.110 Safari/537.36"
104.192.74.46 user-identifier - [01/Apr/2019:09:53:06 +0000] "GET /blog.html HTTP/1.1" 200 9098 "-" "Mozilla"
104.192.74.46 user-identifier - [01/Apr/2019:09:53:08 +0000] "GET /blog/http://www.instash.com/os-x-yosemite-if-this-doesnt-make-you-an-apple-guy-nothing-will HTTP/1.1" 404 1352 "-" "Mozilla"
104.192.74.46 user-identifier - [01/Apr/2019:09:52:35 +0000] "GET /robots.txt HTTP/1.1" 404 1352 "http://www.zacs.site/robots.txt" "Mozilla/5.0 (Macintosh; Intel Mac OS X 10_12_1) AppleWebKit/537.36 (KHTML, like Gecko) Chrome/58.0.3029.110 Safari/537.36"
104.192.74.46 user-identifier - [01/Apr/2019:09:53:08 +0000] "GET /blog/sabi-sands-game-reserve.html HTTP/1.1" 200 1783 "http://zacs.site/blog/sabi-sands-game-reserve.html" "Mozilla/5.0 (Macintosh; Intel Mac OS X 10_12_1) AppleWebKit/537.36 (KHTML, like Gecko) Chrome/58.0.3029.110 Safari/537.36"
104.192.74.46 user-identifier - [01/Apr/2019:09:53:08 +0000] "GET /blog/http://gearpatrol.com/2014/10/07/photo-essay-cascade-mountains-excursion/ HTTP/1.1" 404 1352 "-" "Mozilla"
104.192.74.46 user-identifier - [01/Apr/2019:09:53:08 +0000] "GET /blog/os-x-yosemite.html HTTP/1.1" 200 1734 "-" "Mozilla"
104.192.74.46 user-identifier - [01/Apr/2019:09:53:07 +0000] "GET /blog/the-end-of-this-week-in-podcasts.html HTTP/1.1" 200 2244 "http://zacs.site/blog/the-end-of-this-week-in-podcasts.html" "Mozilla/5.0 (Macintosh; Intel Mac OS X 10_12_1) AppleWebKit/537.36 (KHTML, like Gecko) Chrome/58.0.3029.110 Safari/537.36"
104.192.74.46 user-identifier - [01/Apr/2019:09:53:07 +0000] "GET /blog/cabin-porn-roundup-1014.html HTTP/1.1" 200 3727 "-" "Mozilla"
104.192.74.46 user-identifier - [01/Apr/2019:09:53:08 +0000] "GET /blog/this-week-in-podcasts-10614.html HTTP/1.1" 200 2218 "-" "Mozilla"
104.192.74.46 user-identifier - [01/Apr/2019:09:53:08 +0000] "GET /blog/sabi-sands-game-reserve.html HTTP/1.1" 200 1783 "-" "Mozilla"
104.192.74.46 user-identifier - [01/Apr/2019:09:53:07 +0000] "GET /blog/http://vimeo.com/105686970 HTTP/1.1" 404 1352 "-" "Mozilla"
104.192.74.46 user-identifier - [01/Apr/2019:09:53:06 +0000] "GET /blog.html HTTP/1.1" 200 9098 "http://zacs.site/blog.html" "Mozilla/5.0 (Macintosh; Intel Mac OS X 10_12_1) AppleWebKit/537.36 (KHTML, like Gecko) Chrome/58.0.3029.110 Safari/537.36"
104.192.74.46 user-identifier - [01/Apr/2019:09:53:06 +0000] "GET /blog/2015.html HTTP/1.1" 200 1322 "http://zacs.site/blog/2015.html" "Mozilla/5.0 (Macintosh; Intel Mac OS X 10_12_1) AppleWebKit/537.36 (KHTML, like Gecko) Chrome/58.0.3029.110 Safari/537.36"
104.192.74.46 user-identifier - [01/Apr/2019:09:53:06 +0000] "GET /projects.html HTTP/1.1" 200 8353 "-" "Mozilla"
104.192.74.46 user-identifier - [01/Apr/2019:09:53:07 +0000] "GET /blog/2014-10.html HTTP/1.1" 200 1943 "http://zacs.site/blog/2014-10.html" "Mozilla/5.0 (Macintosh; Intel Mac OS X 10_12_1) AppleWebKit/537.36 (KHTML, like Gecko) Chrome/58.0.3029.110 Safari/537.36"
104.192.74.46 user-identifier - [01/Apr/2019:09:53:07 +0000] "GET /blog/thank-you-freedom-signed-ebola.html HTTP/1.1" 200 3106 "-" "Mozilla"
104.192.74.46 user-identifier - [01/Apr/2019:09:53:07 +0000] "GET /blog/cabin-porn-roundup-1014.html HTTP/1.1" 200 3727 "http://zacs.site/blog/cabin-porn-roundup-1014.html" "Mozilla/5.0 (Macintosh; Intel Mac OS X 10_12_1) AppleWebKit/537.36 (KHTML, like Gecko) Chrome/58.0.3029.110 Safari/537.36"
104.192.74.46 user-identifier - [01/Apr/2019:09:53:07 +0000] "GET /blog/2014.html HTTP/1.1" 200 1421 "-" "Mozilla"
104.192.74.46 user-identifier - [01/Apr/2019:09:53:06 +0000] "GET /index.html HTTP/1.1" 200 2068 "http://zacs.site/index.html" "Mozilla/5.0 (Macintosh; Intel Mac OS X 10_12_1) AppleWebKit/537.36 (KHTML, like Gecko) Chrome/58.0.3029.110 Safari/537.36"
104.192.74.46 user-identifier - [01/Apr/2019:09:53:08 +0000] "GET /blog/who-we-are.html HTTP/1.1" 200 1759 "-" "Mozilla"
104.192.74.46 user-identifier - [01/Apr/2019:09:53:08 +0000] "GET /blog/os-x-yosemite.html HTTP/1.1" 200 1734 "http://zacs.site/blog/os-x-yosemite.html" "Mozilla/5.0 (Macintosh; Intel Mac OS X 10_12_1) AppleWebKit/537.36 (KHTML, like Gecko) Chrome/58.0.3029.110 Safari/537.36"
174.218.131.11 user-identifier - [01/Apr/2019:10:16:44 +0000] "GET /assets/Images/zjs.jpg HTTP/1.1" 304 137939 "-" "Mozilla/5.0 (iPhone; CPU iPhone OS 12_1_4 like Mac OS X) AppleWebKit/605.1.15 (KHTML, like Gecko) Version/12.0 Mobile/15E148 Safari/604.1"
72.21.217.31 user-identifier - [01/Apr/2019:10:21:43 +0000] "GET /?acl HTTP/1.1" 200 - "-" "AWSMobileOrchestraService, aws-internal/3 aws-sdk-java/1.11.509 Linux/4.9.137-0.1.ac.218.74.329.metal1.x86_64 OpenJDK_64-Bit_Server_VM/25.202-b08 java/1.8.0_202"
72.21.217.31 user-identifier - [01/Apr/2019:10:21:58 +0000] "GET /?prefix=assets%2F&marker=%21&delimiter=%2F&max-keys=250&encoding-type=url HTTP/1.1" 200 - "-" "AWSMobileOrchestraService, aws-internal/3 aws-sdk-java/1.11.509 Linux/4.9.137-0.1.ac.218.74.329.metal1.x86_64 OpenJDK_64-Bit_Server_VM/25.202-b08 java/1.8.0_202"
174.218.131.11 user-identifier - [01/Apr/2019:10:16:44 +0000] "GET / HTTP/1.1" 200 2068 "-" "Mozilla/5.0 (iPhone; CPU iPhone OS 12_1_4 like Mac OS X) AppleWebKit/605.1.15 (KHTML, like Gecko) Version/12.0 Mobile/15E148 Safari/604.1"
174.218.131.11 user-identifier - [01/Apr/2019:10:16:53 +0000] "GET /assets/Images/Wooden-Shelter-Alps.jpg HTTP/1.1" 304 372391 "-" "Mozilla/5.0 (iPhone; CPU iPhone OS 12_1_4 like Mac OS X) AppleWebKit/605.1.15 (KHTML, like Gecko) Version/12.0 Mobile/15E148 Safari/604.1"
174.218.131.11 user-identifier - [01/Apr/2019:10:16:53 +0000] "GET /assets/Images/Pescadero-CA.jpg HTTP/1.1" 304 333908 "-" "Mozilla/5.0 (iPhone; CPU iPhone OS 12_1_4 like Mac OS X) AppleWebKit/605.1.15 (KHTML, like Gecko) Version/12.0 Mobile/15E148 Safari/604.1"
174.218.131.11 user-identifier - [01/Apr/2019:10:16:53 +0000] "GET /assets/Images/Big-Sur-California.jpg HTTP/1.1" 304 241363 "-" "Mozilla/5.0 (iPhone; CPU iPhone OS 12_1_4 like Mac OS X) AppleWebKit/605.1.15 (KHTML, like Gecko) Version/12.0 Mobile/15E148 Safari/604.1"
72.21.217.31 user-identifier - [01/Apr/2019:10:22:04 +0000] "GET /?versioning HTTP/1.1" 200 - "-" "AWSMobileOrchestraService, aws-internal/3 aws-sdk-java/1.11.509 Linux/4.9.137-0.1.ac.218.74.329.metal1.x86_64 OpenJDK_64-Bit_Server_VM/25.202-b08 java/1.8.0_202"
72.21.217.31 user-identifier - [01/Apr/2019:10:21:43 +0000] "GET /?notification HTTP/1.1" 200 - "-" "AWSMobileOrchestraService, aws-internal/3 aws-sdk-java/1.11.509 Linux/4.9.137-0.1.ac.218.74.329.metal1.x86_64 OpenJDK_64-Bit_Server_VM/25.202-b08 java/1.8.0_202"
72.21.217.31 user-identifier - [01/Apr/2019:10:21:43 +0000] "GET /?versioning HTTP/1.1" 200 - "-" "AWSMobileOrchestraService, aws-internal/3 aws-sdk-java/1.11.509 Linux/4.9.137-0.1.ac.218.74.329.metal1.x86_64 OpenJDK_64-Bit_Server_VM/25.202-b08 java/1.8.0_202"
72.21.217.31 user-identifier - [01/Apr/2019:10:21:43 +0000] "GET /?policy HTTP/1.1" 200 - "-" "AWSMobileOrchestraService, aws-internal/3 aws-sdk-java/1.11.509 Linux/4.9.137-0.1.ac.218.74.329.metal1.x86_64 OpenJDK_64-Bit_Server_VM/25.202-b08 java/1.8.0_202"
174.218.131.11 user-identifier - [01/Apr/2019:10:16:53 +0000] "GET /assets/Images/Whitefish-Yurt.jpg HTTP/1.1" 304 116128 "-" "Mozilla/5.0 (iPhone; CPU iPhone OS 12_1_4 like Mac OS X) AppleWebKit/605.1.15 (KHTML, like Gecko) Version/12.0 Mobile/15E148 Safari/604.1"
174.218.131.11 user-identifier - [01/Apr/2019:10:16:53 +0000] "GET /assets/Images/Crested-Butte-CO.jpg HTTP/1.1" 304 902149 "-" "Mozilla/5.0 (iPhone; CPU iPhone OS 12_1_4 like Mac OS X) AppleWebKit/605.1.15 (KHTML, like Gecko) Version/12.0 Mobile/15E148 Safari/604.1"
174.218.131.11 user-identifier - [01/Apr/2019:10:16:53 +0000] "GET /blog/cabin-porn-roundup-1014.html HTTP/1.1" 200 3727 "-" "Mozilla/5.0 (iPhone; CPU iPhone OS 12_1_4 like Mac OS X) AppleWebKit/605.1.15 (KHTML, like Gecko) Version/12.0 Mobile/15E148 Safari/604.1"
174.218.131.11 user-identifier - [01/Apr/2019:10:16:53 +0000] "GET /assets/Images/Pocosin-Cabin.jpg HTTP/1.1" 304 776402 "-" "Mozilla/5.0 (iPhone; CPU iPhone OS 12_1_4 like Mac OS X) AppleWebKit/605.1.15 (KHTML, like Gecko) Version/12.0 Mobile/15E148 Safari/604.1"
174.218.131.11 user-identifier - [01/Apr/2019:10:16:53 +0000] "GET /assets/Images/Folkstad-Norway.jpg HTTP/1.1" 304 899318 "-" "Mozilla/5.0 (iPhone; CPU iPhone OS 12_1_4 like Mac OS X) AppleWebKit/605.1.15 (KHTML, like Gecko) Version/12.0 Mobile/15E148 Safari/604.1"
174.218.131.11 user-identifier - [01/Apr/2019:10:16:53 +0000] "GET /assets/Images/Clingstone-House.jpg HTTP/1.1" 304 120419 "-" "Mozilla/5.0 (iPhone; CPU iPhone OS 12_1_4 like Mac OS X) AppleWebKit/605.1.15 (KHTML, like Gecko) Version/12.0 Mobile/15E148 Safari/604.1"
72.21.217.31 user-identifier - [01/Apr/2019:10:21:43 +0000] "GET /?lifecycle HTTP/1.1" 404 - "-" "AWSMobileOrchestraService, aws-internal/3 aws-sdk-java/1.11.509 Linux/4.9.137-0.1.ac.218.74.329.metal1.x86_64 OpenJDK_64-Bit_Server_VM/25.202-b08 java/1.8.0_202"
72.21.217.31 user-identifier - [01/Apr/2019:10:21:43 +0000] "GET /?location HTTP/1.1" 200 - "-" "AWSMobileOrchestraService, aws-internal/3 aws-sdk-java/1.11.509 Linux/4.9.137-0.1.ac.218.74.329.metal1.x86_64 OpenJDK_64-Bit_Server_VM/25.202-b08 java/1.8.0_202"
72.21.217.31 user-identifier - [01/Apr/2019:10:21:43 +0000] "GET /?encoding-type=url HTTP/1.1" 200 - "-" "AWSMobileOrchestraService, aws-internal/3 aws-sdk-java/1.11.509 Linux/4.9.137-0.1.ac.218.74.329.metal1.x86_64 OpenJDK_64-Bit_Server_VM/25.202-b08 java/1.8.0_202"
72.21.217.31 user-identifier - [01/Apr/2019:10:21:43 +0000] "GET /?logging HTTP/1.1" 200 - "-" "AWSMobileOrchestraService, aws-internal/3 aws-sdk-java/1.11.509 Linux/4.9.137-0.1.ac.218.74.329.metal1.x86_64 OpenJDK_64-Bit_Server_VM/25.202-b08 java/1.8.0_202"
72.21.217.31 user-identifier - [01/Apr/2019:10:21:43 +0000] "GET /?tagging HTTP/1.1" 404 - "-" "AWSMobileOrchestraService, aws-internal/3 aws-sdk-java/1.11.509 Linux/4.9.137-0.1.ac.218.74.329.metal1.x86_64 OpenJDK_64-Bit_Server_VM/25.202-b08 java/1.8.0_202"
174.218.131.11 user-identifier - [01/Apr/2019:10:22:29 +0000] "GET /favicon.ico HTTP/1.1" 403 - "https://zacs.site.s3.us-east-2.amazonaws.com/m_sw.js?X-Amz-Security-Token=AgoGb3JpZ2luECYaCXVzLWVhc3QtMSKAAh6fFEgPuIhsktj4H%2F0%2FLda38K1lTxCqzJNUgm5mx7jA2gdbudyGRlfKvI%2FIRJo%2Bglebla%2F69Qd05PhcJMBDQsztcXBC3Z7xNRzcMAWYU5A95ANbRMWM4E8HbATAWy8bN7ys0FatkFSWlYHRZlTFdN7XHArQ1T8cBiUslX%2BsxIkLSWh6OJFRgMiwLui0fycac42RgUw6oz%2FkNaE5tQMuQu6Mol5QaWlg%2BGEcRRvmx8o4yHdsqIWmu116szX4oxuMlHu0Q5Fz5QNbtkQ4ASFzuwetXTX6GNtRlpLhu5OM4Ew1l1S8enGC5bDJdTkwo03b744m8fryt73zciztw1mz7vkqngQIi%2F%2F%2F%2F%2F%2F%2F%2F%2F%2F%2FARAAGgw4NDgyMzIxNjQyMjUiDA7c7u3CRi4ptJia1iryA%2BI2wZw%2F0wijCSxykrlqafxvkA%2FMerEtAJvpWMro2XcUpNGrRekcT9Aib%2FvXVHWLet%2Bfhsowf3wpK3cPFjn05KmJYjTXPBx2UNTATWQ8hKHNvrhoCPMvzQrPTyxgYq0TWHMQCspC5ioE2XSHAs2xkq%2B0PyAJT84AnkhYAbNRpsR3FFYufv1TBvQVOZbhlUWIed4e6W%2FF0YJ1kKUqrbQlIEZXHL3m6Oi8WBh4KHP%2FL2zMhUVZHEn3P9pjhUNFjZkKqxJKK638I84%2BIENsDXB1V0HaBh08fABerd4yosiMOu%2Bume5i7YmaBhjS9TWZrnb8ASnTnTZCFO%2FAMUgOFkwjhZxJ2DJr3aCxiYRmnw%2FJdiuG1T3L%2B5Xoe6ADvfw590BUp%2Be4kkgWM1XqYl5NDsOsS5IS%2BiGrL6H0pCQ%2B7Gk7gdT1BQiA3Hgu0DRFNGGrywiM87GDQvra4IsH4l76rIh%2Br9EpeFutGX98o5Cm1tigFFZBdn7f8OGl4duzdR69eG5U5z9kfHOh%2F0KP8KC0VEW7Iyr%2F9wqN843o4jGkWgtLDqI7B13yhSmrnXxPU3ozyCusuhPgakoZ85PlUu4HhOkOgEVmhJmLbeqCnCij7sTlSHH3Shx2rzXq8B8EhILM%2BXAN80Km4S6NLMPSL48vXfnJ28ZDhzCMzIflBQ%3D%3D&X-Amz-Algorithm=AWS4-HMAC-SHA256&X-Amz-Date=20190401T102223Z&X-Amz-SignedHeaders=host&X-Amz-Expires=300&X-Amz-Credential=ASIA4K7UTVOARKRQ2S5B%2F20190401%2Fus-east-2%2Fs3%2Faws4_request&X-Amz-Signature=e50b54e4a8659f2ebb5409f2b3ed684ca24105b90b67fe5f8bd97c067f941449" "Mozilla/5.0 (iPhone; CPU iPhone OS 12_1_4 like Mac OS X) AppleWebKit/605.1.15 (KHTML, like Gecko) Version/12.0 Mobile/15E148 Safari/604.1"
72.21.217.31 user-identifier - [01/Apr/2019:10:21:43 +0000] "GET /?cors HTTP/1.1" 404 - "-" "AWSMobileOrchestraService, aws-internal/3 aws-sdk-java/1.11.509 Linux/4.9.137-0.1.ac.218.74.329.metal1.x86_64 OpenJDK_64-Bit_Server_VM/25.202-b08 java/1.8.0_202"
72.21.217.31 user-identifier - [01/Apr/2019:10:21:43 +0000] "GET /?website HTTP/1.1" 200 - "-" "AWSMobileOrchestraService, aws-internal/3 aws-sdk-java/1.11.509 Linux/4.9.137-0.1.ac.218.74.329.metal1.x86_64 OpenJDK_64-Bit_Server_VM/25.202-b08 java/1.8.0_202"
72.21.217.31 user-identifier - [01/Apr/2019:10:22:06 +0000] "GET /?location HTTP/1.1" 200 - "-" "AWSMobileOrchestraService, aws-internal/3 aws-sdk-java/1.11.509 Linux/4.9.137-0.1.ac.218.74.329.metal1.x86_64 OpenJDK_64-Bit_Server_VM/25.202-b08 java/1.8.0_202"
72.21.217.31 user-identifier - [01/Apr/2019:10:22:04 +0000] "GET /?prefix=m_sw.js&delimiter=%2F&max-keys=1&encoding-type=url HTTP/1.1" 200 - "-" "AWSMobileOrchestraService, aws-internal/3 aws-sdk-java/1.11.509 Linux/4.9.137-0.1.ac.218.74.329.metal1.x86_64 OpenJDK_64-Bit_Server_VM/25.202-b08 java/1.8.0_202"
72.21.217.31 user-identifier - [01/Apr/2019:10:22:04 +0000] "GET /?location HTTP/1.1" 200 - "-" "AWSMobileOrchestraService, aws-internal/3 aws-sdk-java/1.11.509 Linux/4.9.137-0.1.ac.218.74.329.metal1.x86_64 OpenJDK_64-Bit_Server_VM/25.202-b08 java/1.8.0_202"
72.21.217.31 user-identifier - [01/Apr/2019:10:21:57 +0000] "GET /?location HTTP/1.1" 200 - "-" "AWSMobileOrchestraService, aws-internal/3 aws-sdk-java/1.11.509 Linux/4.9.137-0.1.ac.218.74.329.metal1.x86_64 OpenJDK_64-Bit_Server_VM/25.202-b08 java/1.8.0_202"
72.21.217.31 user-identifier - [01/Apr/2019:10:22:23 +0000] "GET /?location HTTP/1.1" 200 - "-" "AWSMobileOrchestraService, aws-internal/3 aws-sdk-java/1.11.509 Linux/4.9.137-0.1.ac.218.74.329.metal1.x86_64 OpenJDK_64-Bit_Server_VM/25.202-b08 java/1.8.0_202"
72.21.217.31 user-identifier - [01/Apr/2019:10:21:43 +0000] "HEAD / HTTP/1.1" 400 - "-" "AWSMobileOrchestraService, aws-internal/3 aws-sdk-java/1.11.509 Linux/4.9.137-0.1.ac.218.74.329.metal1.x86_64 OpenJDK_64-Bit_Server_VM/25.202-b08 java/1.8.0_202"
174.218.131.11 user-identifier - [01/Apr/2019:10:22:29 +0000] "GET /m_sw.js?X-Amz-Security-Token=AgoGb3JpZ2luECYaCXVzLWVhc3QtMSKAAh6fFEgPuIhsktj4H%2F0%2FLda38K1lTxCqzJNUgm5mx7jA2gdbudyGRlfKvI%2FIRJo%2Bglebla%2F69Qd05PhcJMBDQsztcXBC3Z7xNRzcMAWYU5A95ANbRMWM4E8HbATAWy8bN7ys0FatkFSWlYHRZlTFdN7XHArQ1T8cBiUslX%2BsxIkLSWh6OJFRgMiwLui0fycac42RgUw6oz%2FkNaE5tQMuQu6Mol5QaWlg%2BGEcRRvmx8o4yHdsqIWmu116szX4oxuMlHu0Q5Fz5QNbtkQ4ASFzuwetXTX6GNtRlpLhu5OM4Ew1l1S8enGC5bDJdTkwo03b744m8fryt73zciztw1mz7vkqngQIi%2F%2F%2F%2F%2F%2F%2F%2F%2F%2F%2FARAAGgw4NDgyMzIxNjQyMjUiDA7c7u3CRi4ptJia1iryA%2BI2wZw%2F0wijCSxykrlqafxvkA%2FMerEtAJvpWMro2XcUpNGrRekcT9Aib%2FvXVHWLet%2Bfhsowf3wpK3cPFjn05KmJYjTXPBx2UNTATWQ8hKHNvrhoCPMvzQrPTyxgYq0TWHMQCspC5ioE2XSHAs2xkq%2B0PyAJT84AnkhYAbNRpsR3FFYufv1TBvQVOZbhlUWIed4e6W%2FF0YJ1kKUqrbQlIEZXHL3m6Oi8WBh4KHP%2FL2zMhUVZHEn3P9pjhUNFjZkKqxJKK638I84%2BIENsDXB1V0HaBh08fABerd4yosiMOu%2Bume5i7YmaBhjS9TWZrnb8ASnTnTZCFO%2FAMUgOFkwjhZxJ2DJr3aCxiYRmnw%2FJdiuG1T3L%2B5Xoe6ADvfw590BUp%2Be4kkgWM1XqYl5NDsOsS5IS%2BiGrL6H0pCQ%2B7Gk7gdT1BQiA3Hgu0DRFNGGrywiM87GDQvra4IsH4l76rIh%2Br9EpeFutGX98o5Cm1tigFFZBdn7f8OGl4duzdR69eG5U5z9kfHOh%2F0KP8KC0VEW7Iyr%2F9wqN843o4jGkWgtLDqI7B13yhSmrnXxPU3ozyCusuhPgakoZ85PlUu4HhOkOgEVmhJmLbeqCnCij7sTlSHH3Shx2rzXq8B8EhILM%2BXAN80Km4S6NLMPSL48vXfnJ28ZDhzCMzIflBQ%3D%3D&X-Amz-Algorithm=AWS4-HMAC-SHA256&X-Amz-Date=20190401T102223Z&X-Amz-SignedHeaders=host&X-Amz-Expires=300&X-Amz-Credential=ASIA4K7UTVOARKRQ2S5B%2F20190401%2Fus-east-2%2Fs3%2Faws4_request&X-Amz-Signature=XXXXXXXXXXXXXXXXXXXXXXXXXXXXXXXX HTTP/1.1" 200 2804 "-" "Mozilla/5.0 (iPhone; CPU iPhone OS 12_1_4 like Mac OS X) AppleWebKit/605.1.15 (KHTML, like Gecko) Version/12.0 Mobile/15E148 Safari/604.1"
72.21.217.31 user-identifier - [01/Apr/2019:10:21:54 +0000] "GET /?location HTTP/1.1" 200 - "-" "AWSMobileOrchestraService, aws-internal/3 aws-sdk-java/1.11.509 Linux/4.9.137-0.1.ac.218.74.329.metal1.x86_64 OpenJDK_64-Bit_Server_VM/25.202-b08 java/1.8.0_202"
174.218.131.11 user-identifier - [01/Apr/2019:10:16:53 +0000] "GET /assets/Images/DeltaShelter6.jpg HTTP/1.1" 304 237912 "-" "Mozilla/5.0 (iPhone; CPU iPhone OS 12_1_4 like Mac OS X) AppleWebKit/605.1.15 (KHTML, like Gecko) Version/12.0 Mobile/15E148 Safari/604.1"
174.218.131.11 user-identifier - [01/Apr/2019:10:16:53 +0000] "GET /assets/Images/Canyonville-Oregon.jpg HTTP/1.1" 304 333492 "-" "Mozilla/5.0 (iPhone; CPU iPhone OS 12_1_4 like Mac OS X) AppleWebKit/605.1.15 (KHTML, like Gecko) Version/12.0 Mobile/15E148 Safari/604.1"
174.218.131.11 user-identifier - [01/Apr/2019:10:16:53 +0000] "GET /assets/Images/Candlewood-Cabins-Wisconsin.jpg HTTP/1.1" 304 123969 "-" "Mozilla/5.0 (iPhone; CPU iPhone OS 12_1_4 like Mac OS X) AppleWebKit/605.1.15 (KHTML, like Gecko) Version/12.0 Mobile/15E148 Safari/604.1"
72.21.217.31 user-identifier - [01/Apr/2019:10:22:04 +0000] "GET /m_sw.js?acl HTTP/1.1" 200 - "-" "AWSMobileOrchestraService, aws-internal/3 aws-sdk-java/1.11.509 Linux/4.9.137-0.1.ac.218.74.329.metal1.x86_64 OpenJDK_64-Bit_Server_VM/25.202-b08 java/1.8.0_202"
72.21.217.31 user-identifier - [01/Apr/2019:10:22:04 +0000] "GET /m_sw.js HTTP/1.1" 200 2804 "-" "AWSMobileOrchestraService, aws-internal/3 aws-sdk-java/1.11.509 Linux/4.9.137-0.1.ac.218.74.329.metal1.x86_64 OpenJDK_64-Bit_Server_VM/25.202-b08 java/1.8.0_202"
72.21.217.31 user-identifier - [01/Apr/2019:10:22:06 +0000] "GET /?versioning HTTP/1.1" 200 - "-" "AWSMobileOrchestraService, aws-internal/3 aws-sdk-java/1.11.509 Linux/4.9.137-0.1.ac.218.74.329.metal1.x86_64 OpenJDK_64-Bit_Server_VM/25.202-b08 java/1.8.0_202"
72.21.217.31 user-identifier - [01/Apr/2019:10:21:51 +0000] "GET /?acl HTTP/1.1" 200 - "-" "AWSMobileOrchestraService, aws-internal/3 aws-sdk-java/1.11.509 Linux/4.9.137-0.1.ac.218.74.329.metal1.x86_64 OpenJDK_64-Bit_Server_VM/25.202-b08 java/1.8.0_202"
72.21.217.31 user-identifier - [01/Apr/2019:10:21:51 +0000] "GET /?cors HTTP/1.1" 404 - "-" "AWSMobileOrchestraService, aws-internal/3 aws-sdk-java/1.11.509 Linux/4.9.137-0.1.ac.218.74.329.metal1.x86_64 OpenJDK_64-Bit_Server_VM/25.202-b08 java/1.8.0_202"
72.21.217.31 user-identifier - [01/Apr/2019:10:22:06 +0000] "GET /m_sw.js HTTP/1.1" 200 2804 "-" "AWSMobileOrchestraService, aws-internal/3 aws-sdk-java/1.11.509 Linux/4.9.137-0.1.ac.218.74.329.metal1.x86_64 OpenJDK_64-Bit_Server_VM/25.202-b08 java/1.8.0_202"
72.21.217.31 user-identifier - [01/Apr/2019:10:21:50 +0000] "GET /?location HTTP/1.1" 200 - "-" "AWSMobileOrchestraService, aws-internal/3 aws-sdk-java/1.11.509 Linux/4.9.137-0.1.ac.218.74.329.metal1.x86_64 OpenJDK_64-Bit_Server_VM/25.202-b08 java/1.8.0_202"
72.21.217.31 user-identifier - [01/Apr/2019:10:21:51 +0000] "GET /?encoding-type=url HTTP/1.1" 200 - "-" "AWSMobileOrchestraService, aws-internal/3 aws-sdk-java/1.11.509 Linux/4.9.137-0.1.ac.218.74.329.metal1.x86_64 OpenJDK_64-Bit_Server_VM/25.202-b08 java/1.8.0_202"
72.21.217.31 user-identifier - [01/Apr/2019:10:21:51 +0000] "GET /?versioning HTTP/1.1" 200 - "-" "AWSMobileOrchestraService, aws-internal/3 aws-sdk-java/1.11.509 Linux/4.9.137-0.1.ac.218.74.329.metal1.x86_64 OpenJDK_64-Bit_Server_VM/25.202-b08 java/1.8.0_202"
213.152.161.74 user-identifier - [01/Apr/2019:10:58:21 +0000] "GET /administrator/index.php HTTP/1.0" 404 1352 "-" "Mozilla/4.0 (compatible; Synapse)"
72.21.217.31 user-identifier - [01/Apr/2019:10:21:51 +0000] "GET /?tagging HTTP/1.1" 404 - "-" "AWSMobileOrchestraService, aws-internal/3 aws-sdk-java/1.11.509 Linux/4.9.137-0.1.ac.218.74.329.metal1.x86_64 OpenJDK_64-Bit_Server_VM/25.202-b08 java/1.8.0_202"
174.218.131.11 user-identifier - [01/Apr/2019:10:17:18 +0000] "GET /blog/its-not-just-techcrunch.html HTTP/1.1" 200 2120 "-" "Mozilla/5.0 (iPhone; CPU iPhone OS 12_1_4 like Mac OS X) AppleWebKit/605.1.15 (KHTML, like Gecko) Version/12.0 Mobile/15E148 Safari/604.1"
72.21.217.31 user-identifier - [01/Apr/2019:10:21:38 +0000] "GET /?cors HTTP/1.1" 404 - "-" "AWSMobileOrchestraService, aws-internal/3 aws-sdk-java/1.11.509 Linux/4.9.137-0.1.ac.218.74.329.metal1.x86_64 OpenJDK_64-Bit_Server_VM/25.202-b08 java/1.8.0_202"
72.21.217.31 user-identifier - [01/Apr/2019:10:21:51 +0000] "GET /?lifecycle HTTP/1.1" 404 - "-" "AWSMobileOrchestraService, aws-internal/3 aws-sdk-java/1.11.509 Linux/4.9.137-0.1.ac.218.74.329.metal1.x86_64 OpenJDK_64-Bit_Server_VM/25.202-b08 java/1.8.0_202"
174.218.131.11 user-identifier - [01/Apr/2019:10:17:04 +0000] "GET /assets/favicon_512.ico HTTP/1.1" 304 17734 "-" "Mozilla/5.0 (iPhone; CPU iPhone OS 12_1_4 like Mac OS X) AppleWebKit/605.1.15 (KHTML, like Gecko) Version/12.0 Mobile/15E148 Safari/604.1"
72.21.217.31 user-identifier - [01/Apr/2019:10:21:38 +0000] "GET /?encoding-type=url HTTP/1.1" 200 - "-" "AWSMobileOrchestraService, aws-internal/3 aws-sdk-java/1.11.509 Linux/4.9.137-0.1.ac.218.74.329.metal1.x86_64 OpenJDK_64-Bit_Server_VM/25.202-b08 java/1.8.0_202"
72.21.217.31 user-identifier - [01/Apr/2019:10:22:23 +0000] "HEAD / HTTP/1.1" 400 - "-" "AWSMobileOrchestraService, aws-internal/3 aws-sdk-java/1.11.509 Linux/4.9.137-0.1.ac.218.74.329.metal1.x86_64 OpenJDK_64-Bit_Server_VM/25.202-b08 java/1.8.0_202"
174.218.131.11 user-identifier - [01/Apr/2019:10:17:01 +0000] "GET /archives.html HTTP/1.1" 200 262751 "-" "Mozilla/5.0 (iPhone; CPU iPhone OS 12_1_4 like Mac OS X) AppleWebKit/605.1.15 (KHTML, like Gecko) Version/12.0 Mobile/15E148 Safari/604.1"
174.218.131.11 user-identifier - [01/Apr/2019:10:17:13 +0000] "GET /blog/assets/favicon_512.ico HTTP/1.1" 404 1352 "-" "Mozilla/5.0 (iPhone; CPU iPhone OS 12_1_4 like Mac OS X) AppleWebKit/605.1.15 (KHTML, like Gecko) Version/12.0 Mobile/15E148 Safari/604.1"
72.21.217.31 user-identifier - [01/Apr/2019:10:21:38 +0000] "GET /?notification HTTP/1.1" 200 - "-" "AWSMobileOrchestraService, aws-internal/3 aws-sdk-java/1.11.509 Linux/4.9.137-0.1.ac.218.74.329.metal1.x86_64 OpenJDK_64-Bit_Server_VM/25.202-b08 java/1.8.0_202"
72.21.217.31 user-identifier - [01/Apr/2019:10:21:38 +0000] "GET /?policy HTTP/1.1" 200 - "-" "AWSMobileOrchestraService, aws-internal/3 aws-sdk-java/1.11.509 Linux/4.9.137-0.1.ac.218.74.329.metal1.x86_64 OpenJDK_64-Bit_Server_VM/25.202-b08 java/1.8.0_202"
72.21.217.31 user-identifier - [01/Apr/2019:10:21:38 +0000] "GET /?website HTTP/1.1" 200 - "-" "AWSMobileOrchestraService, aws-internal/3 aws-sdk-java/1.11.509 Linux/4.9.137-0.1.ac.218.74.329.metal1.x86_64 OpenJDK_64-Bit_Server_VM/25.202-b08 java/1.8.0_202"
72.21.217.31 user-identifier - [01/Apr/2019:10:22:06 +0000] "HEAD / HTTP/1.1" 400 - "-" "AWSMobileOrchestraService, aws-internal/3 aws-sdk-java/1.11.509 Linux/4.9.137-0.1.ac.218.74.329.metal1.x86_64 OpenJDK_64-Bit_Server_VM/25.202-b08 java/1.8.0_202"
213.152.161.74 user-identifier - [01/Apr/2019:10:58:21 +0000] "GET /wp-login.php HTTP/1.0" 404 1352 "-" "Mozilla/4.0 (compatible; Synapse)"
156.233.25.89 user-identifier - [01/Apr/2019:10:14:55 +0000] "GET / HTTP/1.1" 200 2068 "-" "Mozilla/4.0 (compatible; MSIE 8.0; Windows NT 6.0)"
72.21.217.31 user-identifier - [01/Apr/2019:10:22:06 +0000] "GET /?prefix=m_sw.js&delimiter=%2F&max-keys=1&encoding-type=url HTTP/1.1" 200 - "-" "AWSMobileOrchestraService, aws-internal/3 aws-sdk-java/1.11.509 Linux/4.9.137-0.1.ac.218.74.329.metal1.x86_64 OpenJDK_64-Bit_Server_VM/25.202-b08 java/1.8.0_202"
72.21.217.31 user-identifier - [01/Apr/2019:10:22:06 +0000] "GET /m_sw.js?acl HTTP/1.1" 200 - "-" "AWSMobileOrchestraService, aws-internal/3 aws-sdk-java/1.11.509 Linux/4.9.137-0.1.ac.218.74.329.metal1.x86_64 OpenJDK_64-Bit_Server_VM/25.202-b08 java/1.8.0_202"
72.21.217.31 user-identifier - [01/Apr/2019:10:21:51 +0000] "GET /?logging HTTP/1.1" 200 - "-" "AWSMobileOrchestraService, aws-internal/3 aws-sdk-java/1.11.509 Linux/4.9.137-0.1.ac.218.74.329.metal1.x86_64 OpenJDK_64-Bit_Server_VM/25.202-b08 java/1.8.0_202"
72.21.217.31 user-identifier - [01/Apr/2019:10:21:38 +0000] "GET /?lifecycle HTTP/1.1" 404 - "-" "AWSMobileOrchestraService, aws-internal/3 aws-sdk-java/1.11.509 Linux/4.9.137-0.1.ac.218.74.329.metal1.x86_64 OpenJDK_64-Bit_Server_VM/25.202-b08 java/1.8.0_202"
72.21.217.31 user-identifier - [01/Apr/2019:10:21:54 +0000] "HEAD / HTTP/1.1" 400 - "-" "AWSMobileOrchestraService, aws-internal/3 aws-sdk-java/1.11.509 Linux/4.9.137-0.1.ac.218.74.329.metal1.x86_64 OpenJDK_64-Bit_Server_VM/25.202-b08 java/1.8.0_202"
72.21.217.31 user-identifier - [01/Apr/2019:10:21:51 +0000] "GET /?notification HTTP/1.1" 200 - "-" "AWSMobileOrchestraService, aws-internal/3 aws-sdk-java/1.11.509 Linux/4.9.137-0.1.ac.218.74.329.metal1.x86_64 OpenJDK_64-Bit_Server_VM/25.202-b08 java/1.8.0_202"
72.21.217.31 user-identifier - [01/Apr/2019:10:21:51 +0000] "GET /?policy HTTP/1.1" 200 - "-" "AWSMobileOrchestraService, aws-internal/3 aws-sdk-java/1.11.509 Linux/4.9.137-0.1.ac.218.74.329.metal1.x86_64 OpenJDK_64-Bit_Server_VM/25.202-b08 java/1.8.0_202"
72.21.217.31 user-identifier - [01/Apr/2019:10:21:54 +0000] "GET /?marker=%21&delimiter=%2F&max-keys=250&encoding-type=url HTTP/1.1" 200 - "-" "AWSMobileOrchestraService, aws-internal/3 aws-sdk-java/1.11.509 Linux/4.9.137-0.1.ac.218.74.329.metal1.x86_64 OpenJDK_64-Bit_Server_VM/25.202-b08 java/1.8.0_202"
72.21.217.31 user-identifier - [01/Apr/2019:10:21:38 +0000] "HEAD / HTTP/1.1" 400 - "-" "AWSMobileOrchestraService, aws-internal/3 aws-sdk-java/1.11.509 Linux/4.9.137-0.1.ac.218.74.329.metal1.x86_64 OpenJDK_64-Bit_Server_VM/25.202-b08 java/1.8.0_202"
72.21.217.31 user-identifier - [01/Apr/2019:10:21:38 +0000] "GET /?acl HTTP/1.1" 200 - "-" "AWSMobileOrchestraService, aws-internal/3 aws-sdk-java/1.11.509 Linux/4.9.137-0.1.ac.218.74.329.metal1.x86_64 OpenJDK_64-Bit_Server_VM/25.202-b08 java/1.8.0_202"
72.21.217.31 user-identifier - [01/Apr/2019:10:21:51 +0000] "GET /?website HTTP/1.1" 200 - "-" "AWSMobileOrchestraService, aws-internal/3 aws-sdk-java/1.11.509 Linux/4.9.137-0.1.ac.218.74.329.metal1.x86_64 OpenJDK_64-Bit_Server_VM/25.202-b08 java/1.8.0_202"
72.21.217.31 user-identifier - [01/Apr/2019:10:21:38 +0000] "GET /?tagging HTTP/1.1" 404 - "-" "AWSMobileOrchestraService, aws-internal/3 aws-sdk-java/1.11.509 Linux/4.9.137-0.1.ac.218.74.329.metal1.x86_64 OpenJDK_64-Bit_Server_VM/25.202-b08 java/1.8.0_202"
72.21.217.31 user-identifier - [01/Apr/2019:10:21:57 +0000] "HEAD / HTTP/1.1" 400 - "-" "AWSMobileOrchestraService, aws-internal/3 aws-sdk-java/1.11.509 Linux/4.9.137-0.1.ac.218.74.329.metal1.x86_64 OpenJDK_64-Bit_Server_VM/25.202-b08 java/1.8.0_202"
174.218.131.11 user-identifier - [01/Apr/2019:10:17:13 +0000] "GET /blog/assets/favicon_192.ico HTTP/1.1" 404 1352 "-" "Mozilla/5.0 (iPhone; CPU iPhone OS 12_1_4 like Mac OS X) AppleWebKit/605.1.15 (KHTML, like Gecko) Version/12.0 Mobile/15E148 Safari/604.1"
174.218.131.11 user-identifier - [01/Apr/2019:10:17:04 +0000] "GET /assets/favicon_192.ico HTTP/1.1" 304 6144 "-" "Mozilla/5.0 (iPhone; CPU iPhone OS 12_1_4 like Mac OS X) AppleWebKit/605.1.15 (KHTML, like Gecko) Version/12.0 Mobile/15E148 Safari/604.1"
174.218.131.11 user-identifier - [01/Apr/2019:10:17:13 +0000] "GET /blog/2012.html HTTP/1.1" 200 1329 "-" "Mozilla/5.0 (iPhone; CPU iPhone OS 12_1_4 like Mac OS X) AppleWebKit/605.1.15 (KHTML, like Gecko) Version/12.0 Mobile/15E148 Safari/604.1"
174.218.131.11 user-identifier - [01/Apr/2019:10:17:13 +0000] "GET /blog/assets/favicon.ico HTTP/1.1" 404 1352 "-" "Mozilla/5.0 (iPhone; CPU iPhone OS 12_1_4 like Mac OS X) AppleWebKit/605.1.15 (KHTML, like Gecko) Version/12.0 Mobile/15E148 Safari/604.1"
174.218.131.11 user-identifier - [01/Apr/2019:10:17:15 +0000] "GET /blog/2012-12.html HTTP/1.1" 200 1772 "-" "Mozilla/5.0 (iPhone; CPU iPhone OS 12_1_4 like Mac OS X) AppleWebKit/605.1.15 (KHTML, like Gecko) Version/12.0 Mobile/15E148 Safari/604.1"
72.21.217.31 user-identifier - [01/Apr/2019:10:21:38 +0000] "GET /?versioning HTTP/1.1" 200 - "-" "AWSMobileOrchestraService, aws-internal/3 aws-sdk-java/1.11.509 Linux/4.9.137-0.1.ac.218.74.329.metal1.x86_64 OpenJDK_64-Bit_Server_VM/25.202-b08 java/1.8.0_202"
72.21.217.31 user-identifier - [01/Apr/2019:10:21:38 +0000] "GET /?location HTTP/1.1" 200 - "-" "AWSMobileOrchestraService, aws-internal/3 aws-sdk-java/1.11.509 Linux/4.9.137-0.1.ac.218.74.329.metal1.x86_64 OpenJDK_64-Bit_Server_VM/25.202-b08 java/1.8.0_202"
72.21.217.31 user-identifier - [01/Apr/2019:10:21:38 +0000] "GET /?logging HTTP/1.1" 200 - "-" "AWSMobileOrchestraService, aws-internal/3 aws-sdk-java/1.11.509 Linux/4.9.137-0.1.ac.218.74.329.metal1.x86_64 OpenJDK_64-Bit_Server_VM/25.202-b08 java/1.8.0_202"
104.238.217.123 user-identifier - [01/Apr/2019:11:57:04 +0000] "GET / HTTP/1.1" 200 2068 "-" "Mozilla/4.0 (compatible; MSIE 8.0; Windows NT 6.0)"
66.249.84.242 user-identifier - [01/Apr/2019:13:24:14 +0000] "GET / HTTP/1.1" 200 2068 "-" "Mozilla/5.0 (X11; Linux x86_64) AppleWebKit/537.36 (KHTML, like Gecko; Google Page Speed Insights) Chrome/41.0.2272.118 Safari/537.36"
64.233.172.242 user-identifier - [01/Apr/2019:13:24:15 +0000] "GET /assets/Images/zjs.jpg HTTP/1.1" 200 137939 "-" "Mozilla/5.0 (X11; Linux x86_64) AppleWebKit/537.36 (KHTML, like Gecko; Google Page Speed Insights) Chrome/41.0.2272.118 Safari/537.36"
54.186.186.180 user-identifier - [01/Apr/2019:13:58:22 +0000] "GET / HTTP/1.1" 200 2068 "-" "Go-http-client/1.1"
64.233.172.230 user-identifier - [01/Apr/2019:13:24:15 +0000] "GET /assets/main.css HTTP/1.1" 200 3366 "-" "Mozilla/5.0 (X11; Linux x86_64) AppleWebKit/537.36 (KHTML, like Gecko; Google Page Speed Insights) Chrome/41.0.2272.118 Safari/537.36"
103.123.84.63 user-identifier - [01/Apr/2019:13:24:13 +0000] "GET / HTTP/1.1" 200 2068 "-" "Mozilla/5.0 (Macintosh; Intel Mac OS X 10_14_3) AppleWebKit/537.36 (KHTML, like Gecko) Chrome/72.0.3626.121 Safari/537.36"
103.123.84.61 user-identifier - [01/Apr/2019:13:24:13 +0000] "GET / HTTP/1.1" 200 2068 "-" "Mozilla/5.0 (Macintosh; Intel Mac OS X 10_14_3) AppleWebKit/537.36 (KHTML, like Gecko) Chrome/72.0.3626.121 Safari/537.36"
91.210.146.36 user-identifier - [01/Apr/2019:16:55:20 +0000] "GET / HTTP/1.1" 200 2068 "http://zacs.site" "Mozilla/5.0 (Windows NT 6.1; WOW64) AppleWebKit/537.36 (KHTML, like Gecko) Chrome/31.0.1650.57 Safari/537.36"
91.210.146.36 user-identifier - [01/Apr/2019:16:55:26 +0000] "GET /blog/ HTTP/1.1" 404 1352 "http://zacs.site/blog/" "Mozilla/5.0 (Windows NT 6.1; WOW64) AppleWebKit/537.36 (KHTML, like Gecko) Chrome/31.0.1650.57 Safari/537.36"
164.132.181.239 user-identifier - [01/Apr/2019:17:00:28 +0000] "GET / HTTP/1.1" 200 2068 "http://zacs.site" "Mozilla/5.0 (Windows NT 6.1; WOW64) AppleWebKit/537.36 (KHTML, like Gecko) Chrome/31.0.1650.57 Safari/537.36"
209.126.119.176 user-identifier - [01/Apr/2019:19:15:14 +0000] "GET / HTTP/1.1" 200 2068 "-" "Mozilla/5.0 (Macintosh; Intel Mac OS X 10.12; rv:52.0) Gecko/20100101 Firefox/52.0"
52.38.174.111 user-identifier - [01/Apr/2019:19:09:53 +0000] "GET / HTTP/1.1" 200 2068 "-" "Go-http-client/1.1"
104.192.74.31 user-identifier - [01/Apr/2019:20:19:45 +0000] "GET / HTTP/1.1" 200 2068 "http://www.zacs.site" "Mozilla/5.0 (Macintosh; Intel Mac OS X 10_12_1) AppleWebKit/537.36 (KHTML, like Gecko) Chrome/58.0.3029.110 Safari/537.36"
104.192.74.31 user-identifier - [01/Apr/2019:20:19:45 +0000] "GET /robots.txt HTTP/1.1" 404 1352 "http://www.zacs.site/robots.txt" "Mozilla/5.0 (Macintosh; Intel Mac OS X 10_12_1) AppleWebKit/537.36 (KHTML, like Gecko) Chrome/58.0.3029.110 Safari/537.36"
104.192.74.31 user-identifier - [01/Apr/2019:20:20:16 +0000] "GET /blog/2014.html HTTP/1.1" 200 1421 "http://zacs.site/blog/2014.html" "Mozilla/5.0 (Macintosh; Intel Mac OS X 10_12_1) AppleWebKit/537.36 (KHTML, like Gecko) Chrome/58.0.3029.110 Safari/537.36"
104.192.74.31 user-identifier - [01/Apr/2019:20:20:16 +0000] "GET /projects.html HTTP/1.1" 200 8353 "http://zacs.site/projects.html" "Mozilla/5.0 (Macintosh; Intel Mac OS X 10_12_1) AppleWebKit/537.36 (KHTML, like Gecko) Chrome/58.0.3029.110 Safari/537.36"
104.192.74.31 user-identifier - [01/Apr/2019:20:20:16 +0000] "GET /index.html HTTP/1.1" 200 2068 "-" "Mozilla"
104.192.74.31 user-identifier - [01/Apr/2019:20:20:16 +0000] "GET /blog/2015-01.html HTTP/1.1" 200 1321 "-" "Mozilla"
104.192.74.31 user-identifier - [01/Apr/2019:20:20:16 +0000] "GET /blog/the-immigration-agenda.html HTTP/1.1" 200 6032 "http://zacs.site/blog/the-immigration-agenda.html" "Mozilla/5.0 (Macintosh; Intel Mac OS X 10_12_1) AppleWebKit/537.36 (KHTML, like Gecko) Chrome/58.0.3029.110 Safari/537.36"
104.192.74.31 user-identifier - [01/Apr/2019:20:20:17 +0000] "GET /blog/2014-10.html HTTP/1.1" 200 1943 "-" "Mozilla"
104.192.74.31 user-identifier - [01/Apr/2019:20:20:17 +0000] "GET /blog/who-we-are.html HTTP/1.1" 200 1759 "http://zacs.site/blog/who-we-are.html" "Mozilla/5.0 (Macintosh; Intel Mac OS X 10_12_1) AppleWebKit/537.36 (KHTML, like Gecko) Chrome/58.0.3029.110 Safari/537.36"
104.192.74.31 user-identifier - [01/Apr/2019:20:20:17 +0000] "GET /blog/http://www.instash.com/os-x-yosemite-if-this-doesnt-make-you-an-apple-guy-nothing-will HTTP/1.1" 404 1352 "http://zacs.site/blog/http://www.instash.com/os-x-yosemite-if-this-doesnt-make-you-an-apple-guy-nothing-will" "Mozilla/5.0 (Macintosh; Intel Mac OS X 10_12_1) AppleWebKit/537.36 (KHTML, like Gecko) Chrome/58.0.3029.110 Safari/537.36"
104.192.74.31 user-identifier - [01/Apr/2019:20:20:17 +0000] "GET /blog/the-end-of-this-week-in-podcasts.html HTTP/1.1" 200 2244 "-" "Mozilla"
104.192.74.31 user-identifier - [01/Apr/2019:20:20:17 +0000] "GET /blog/thank-you-freedom-signed-ebola.html HTTP/1.1" 200 3106 "http://zacs.site/blog/thank-you-freedom-signed-ebola.html" "Mozilla/5.0 (Macintosh; Intel Mac OS X 10_12_1) AppleWebKit/537.36 (KHTML, like Gecko) Chrome/58.0.3029.110 Safari/537.36"
104.192.74.31 user-identifier - [01/Apr/2019:20:20:17 +0000] "GET /blog/cabin-porn-roundup-1014.html HTTP/1.1" 200 3727 "-" "Mozilla"
104.192.74.31 user-identifier - [01/Apr/2019:20:20:16 +0000] "GET /archives.html HTTP/1.1" 200 262751 "http://zacs.site/archives.html" "Mozilla/5.0 (Macintosh; Intel Mac OS X 10_12_1) AppleWebKit/537.36 (KHTML, like Gecko) Chrome/58.0.3029.110 Safari/537.36"
104.192.74.31 user-identifier - [01/Apr/2019:20:20:16 +0000] "GET /blog.html HTTP/1.1" 200 9098 "-" "Mozilla"
104.192.74.31 user-identifier - [01/Apr/2019:20:20:17 +0000] "GET /blog/sabi-sands-game-reserve.html HTTP/1.1" 200 1783 "-" "Mozilla"
104.192.74.31 user-identifier - [01/Apr/2019:20:19:45 +0000] "GET / HTTP/1.1" 200 2068 "-" "Mozilla"
104.192.74.31 user-identifier - [01/Apr/2019:20:20:16 +0000] "GET /blog/institutionalized-unity.html HTTP/1.1" 200 3893 "http://zacs.site/blog/institutionalized-unity.html" "Mozilla/5.0 (Macintosh; Intel Mac OS X 10_12_1) AppleWebKit/537.36 (KHTML, like Gecko) Chrome/58.0.3029.110 Safari/537.36"
104.192.74.31 user-identifier - [01/Apr/2019:20:20:16 +0000] "GET /projects.html HTTP/1.1" 200 8353 "-" "Mozilla"
104.192.74.31 user-identifier - [01/Apr/2019:20:20:16 +0000] "GET /blog/2014-12.html HTTP/1.1" 200 1322 "http://zacs.site/blog/2014-12.html" "Mozilla/5.0 (Macintosh; Intel Mac OS X 10_12_1) AppleWebKit/537.36 (KHTML, like Gecko) Chrome/58.0.3029.110 Safari/537.36"
104.192.74.31 user-identifier - [01/Apr/2019:20:20:16 +0000] "GET /blog/institutionalized-unity.html HTTP/1.1" 200 3893 "-" "Mozilla"
104.192.74.31 user-identifier - [01/Apr/2019:20:20:16 +0000] "GET /blog/2015-01.html HTTP/1.1" 200 1321 "http://zacs.site/blog/2015-01.html" "Mozilla/5.0 (Macintosh; Intel Mac OS X 10_12_1) AppleWebKit/537.36 (KHTML, like Gecko) Chrome/58.0.3029.110 Safari/537.36"
104.192.74.31 user-identifier - [01/Apr/2019:20:20:16 +0000] "GET /blog/2015.html HTTP/1.1" 200 1322 "-" "Mozilla"
104.192.74.31 user-identifier - [01/Apr/2019:20:20:17 +0000] "GET /blog/http://vimeo.com/105686970 HTTP/1.1" 404 1352 "-" "Mozilla"
104.192.74.31 user-identifier - [01/Apr/2019:20:20:16 +0000] "GET /index.html HTTP/1.1" 200 2068 "http://zacs.site/index.html" "Mozilla/5.0 (Macintosh; Intel Mac OS X 10_12_1) AppleWebKit/537.36 (KHTML, like Gecko) Chrome/58.0.3029.110 Safari/537.36"
104.192.74.31 user-identifier - [01/Apr/2019:20:20:17 +0000] "GET /blog/this-week-in-podcasts-10614.html HTTP/1.1" 200 2218 "-" "Mozilla"
104.192.74.31 user-identifier - [01/Apr/2019:20:20:17 +0000] "GET /blog/cascade-mountains-excursion.html HTTP/1.1" 200 1624 "-" "Mozilla"
104.192.74.31 user-identifier - [01/Apr/2019:20:20:17 +0000] "GET /blog/os-x-yosemite.html HTTP/1.1" 200 1734 "http://zacs.site/blog/os-x-yosemite.html" "Mozilla/5.0 (Macintosh; Intel Mac OS X 10_12_1) AppleWebKit/537.36 (KHTML, like Gecko) Chrome/58.0.3029.110 Safari/537.36"
104.192.74.31 user-identifier - [01/Apr/2019:20:20:17 +0000] "GET /blog/http://gearpatrol.com/2014/10/07/photo-essay-cascade-mountains-excursion/ HTTP/1.1" 404 1352 "-" "Mozilla"
104.192.74.31 user-identifier - [01/Apr/2019:20:20:17 +0000] "GET /blog/who-we-are.html HTTP/1.1" 200 1759 "-" "Mozilla"
104.192.74.31 user-identifier - [01/Apr/2019:20:20:17 +0000] "GET /blog/2014-11.html HTTP/1.1" 200 1323 "-" "Mozilla"
104.192.74.31 user-identifier - [01/Apr/2019:20:20:17 +0000] "GET /blog/the-end-of-this-week-in-podcasts.html HTTP/1.1" 200 2244 "http://zacs.site/blog/the-end-of-this-week-in-podcasts.html" "Mozilla/5.0 (Macintosh; Intel Mac OS X 10_12_1) AppleWebKit/537.36 (KHTML, like Gecko) Chrome/58.0.3029.110 Safari/537.36"
104.192.74.31 user-identifier - [01/Apr/2019:20:20:16 +0000] "GET /blog.html HTTP/1.1" 200 9098 "http://zacs.site/blog.html" "Mozilla/5.0 (Macintosh; Intel Mac OS X 10_12_1) AppleWebKit/537.36 (KHTML, like Gecko) Chrome/58.0.3029.110 Safari/537.36"
104.192.74.31 user-identifier - [01/Apr/2019:20:20:16 +0000] "GET /blog/2014-11.html HTTP/1.1" 200 1323 "http://zacs.site/blog/2014-11.html" "Mozilla/5.0 (Macintosh; Intel Mac OS X 10_12_1) AppleWebKit/537.36 (KHTML, like Gecko) Chrome/58.0.3029.110 Safari/537.36"
104.192.74.31 user-identifier - [01/Apr/2019:20:20:16 +0000] "GET /blog/the-immigration-agenda.html HTTP/1.1" 200 6032 "-" "Mozilla"
104.192.74.31 user-identifier - [01/Apr/2019:20:20:16 +0000] "GET /blog/2014.html HTTP/1.1" 200 1421 "-" "Mozilla"
104.192.74.31 user-identifier - [01/Apr/2019:20:20:16 +0000] "GET /blog/2014-12.html HTTP/1.1" 200 1322 "-" "Mozilla"
104.192.74.31 user-identifier - [01/Apr/2019:20:20:17 +0000] "GET /blog/http://vimeo.com/105686970 HTTP/1.1" 404 1352 "http://zacs.site/blog/http://vimeo.com/105686970" "Mozilla/5.0 (Macintosh; Intel Mac OS X 10_12_1) AppleWebKit/537.36 (KHTML, like Gecko) Chrome/58.0.3029.110 Safari/537.36"
104.192.74.31 user-identifier - [01/Apr/2019:20:20:17 +0000] "GET /blog/http://www.instash.com/os-x-yosemite-if-this-doesnt-make-you-an-apple-guy-nothing-will HTTP/1.1" 404 1352 "-" "Mozilla"
104.192.74.31 user-identifier - [01/Apr/2019:20:20:17 +0000] "GET /blog/thank-you-freedom-signed-ebola.html HTTP/1.1" 200 3106 "-" "Mozilla"
104.192.74.31 user-identifier - [01/Apr/2019:20:20:17 +0000] "GET /blog/cascade-mountains-excursion.html HTTP/1.1" 200 1624 "http://zacs.site/blog/cascade-mountains-excursion.html" "Mozilla/5.0 (Macintosh; Intel Mac OS X 10_12_1) AppleWebKit/537.36 (KHTML, like Gecko) Chrome/58.0.3029.110 Safari/537.36"
104.192.74.31 user-identifier - [01/Apr/2019:20:20:17 +0000] "GET /archives.html HTTP/1.1" 200 262751 "-" "Mozilla"
104.192.74.31 user-identifier - [01/Apr/2019:20:20:17 +0000] "GET /blog/this-week-in-podcasts-10614.html HTTP/1.1" 200 2218 "http://zacs.site/blog/this-week-in-podcasts-10614.html" "Mozilla/5.0 (Macintosh; Intel Mac OS X 10_12_1) AppleWebKit/537.36 (KHTML, like Gecko) Chrome/58.0.3029.110 Safari/537.36"
104.192.74.31 user-identifier - [01/Apr/2019:20:20:17 +0000] "GET /blog/2014-10.html HTTP/1.1" 200 1943 "http://zacs.site/blog/2014-10.html" "Mozilla/5.0 (Macintosh; Intel Mac OS X 10_12_1) AppleWebKit/537.36 (KHTML, like Gecko) Chrome/58.0.3029.110 Safari/537.36"
104.192.74.31 user-identifier - [01/Apr/2019:20:20:16 +0000] "GET /blog/2015.html HTTP/1.1" 200 1322 "http://zacs.site/blog/2015.html" "Mozilla/5.0 (Macintosh; Intel Mac OS X 10_12_1) AppleWebKit/537.36 (KHTML, like Gecko) Chrome/58.0.3029.110 Safari/537.36"
104.192.74.31 user-identifier - [01/Apr/2019:20:20:17 +0000] "GET /blog/os-x-yosemite.html HTTP/1.1" 200 1734 "-" "Mozilla"
104.192.74.31 user-identifier - [01/Apr/2019:20:20:17 +0000] "GET /blog/sabi-sands-game-reserve.html HTTP/1.1" 200 1783 "http://zacs.site/blog/sabi-sands-game-reserve.html" "Mozilla/5.0 (Macintosh; Intel Mac OS X 10_12_1) AppleWebKit/537.36 (KHTML, like Gecko) Chrome/58.0.3029.110 Safari/537.36"
178.128.233.56 user-identifier - [01/Apr/2019:20:15:29 +0000] "HEAD / HTTP/1.1" 200 2068 "-" "Mozilla/5.0 (X11; Linux i686) AppleWebKit/535.1 (KHTML, like Gecko) Chrome/13.0.782.41 Safari/535.1"
104.192.74.31 user-identifier - [01/Apr/2019:20:20:16 +0000] "GET /blog/cabin-porn-roundup-1014.html HTTP/1.1" 200 3727 "http://zacs.site/blog/cabin-porn-roundup-1014.html" "Mozilla/5.0 (Macintosh; Intel Mac OS X 10_12_1) AppleWebKit/537.36 (KHTML, like Gecko) Chrome/58.0.3029.110 Safari/537.36"
104.192.74.31 user-identifier - [01/Apr/2019:20:20:17 +0000] "GET /blog/http://gearpatrol.com/2014/10/07/photo-essay-cascade-mountains-excursion/ HTTP/1.1" 404 1352 "http://zacs.site/blog/http://gearpatrol.com/2014/10/07/photo-essay-cascade-mountains-excursion/" "Mozilla/5.0 (Macintosh; Intel Mac OS X 10_12_1) AppleWebKit/537.36 (KHTML, like Gecko) Chrome/58.0.3029.110 Safari/537.36"
104.192.74.31 user-identifier - [01/Apr/2019:20:20:16 +0000] "GET /rss.xml HTTP/1.1" 200 254975 "http://zacs.site/rss.xml" "Mozilla/5.0 (Macintosh; Intel Mac OS X 10_12_1) AppleWebKit/537.36 (KHTML, like Gecko) Chrome/58.0.3029.110 Safari/537.36"
156.233.25.89 user-identifier - [01/Apr/2019:21:34:03 +0000] "GET / HTTP/1.1" 200 2068 "-" "Mozilla/4.0 (compatible; MSIE 8.0; Windows NT 6.0)"
71.226.128.12 user-identifier - [02/Apr/2019:00:08:45 +0000] "GET /assets/Images/zjs.jpg HTTP/1.1" 304 137939 "-" "Mozilla/5.0 (Macintosh; Intel Mac OS X 10_14_3) AppleWebKit/537.36 (KHTML, like Gecko) Chrome/72.0.3626.121 Safari/537.36"
18.179.59.83 user-identifier - [02/Apr/2019:03:47:21 +0000] "HEAD / HTTP/1.1" 200 2068 "-" "CheckMarkNetwork/1.0 (+http://www.checkmarknetwork.com/spider.html)"
18.179.59.83 user-identifier - [02/Apr/2019:03:47:22 +0000] "HEAD / HTTP/1.1" 200 2068 "-" "CheckMarkNetwork/1.0 (+http://www.checkmarknetwork.com/spider.html)"
104.238.248.13 user-identifier - [02/Apr/2019:04:35:13 +0000] "GET / HTTP/1.1" 200 2068 "-" "Mozilla/4.0 (compatible; MSIE 8.0; Windows NT 6.0)"
82.102.27.171 user-identifier - [02/Apr/2019:07:19:39 +0000] "GET /cms/wp-includes/wlwmanifest.xml HTTP/1.1" 404 1352 "-" "Mozilla/5.0 (Windows NT 10.0; Win64; x64) AppleWebKit/537.36 (KHTML, like Gecko) Chrome/63.0.3239.132 Safari/537.36"
82.102.27.171 user-identifier - [02/Apr/2019:07:19:38 +0000] "GET /blog/wp-includes/wlwmanifest.xml HTTP/1.1" 404 1352 "-" "Mozilla/5.0 (Windows NT 10.0; Win64; x64) AppleWebKit/537.36 (KHTML, like Gecko) Chrome/63.0.3239.132 Safari/537.36"
82.102.27.171 user-identifier - [02/Apr/2019:07:19:37 +0000] "GET /xmlrpc.php?rsd HTTP/1.1" 404 1352 "-" "Mozilla/5.0 (Windows NT 10.0; Win64; x64) AppleWebKit/537.36 (KHTML, like Gecko) Chrome/63.0.3239.132 Safari/537.36"
82.102.27.171 user-identifier - [02/Apr/2019:07:19:38 +0000] "GET /wp/wp-includes/wlwmanifest.xml HTTP/1.1" 404 1352 "-" "Mozilla/5.0 (Windows NT 10.0; Win64; x64) AppleWebKit/537.36 (KHTML, like Gecko) Chrome/63.0.3239.132 Safari/537.36"
82.102.27.171 user-identifier - [02/Apr/2019:07:19:37 +0000] "GET / HTTP/1.1" 200 2068 "-" "Mozilla/5.0 (Windows NT 10.0; Win64; x64) AppleWebKit/537.36 (KHTML, like Gecko) Chrome/63.0.3239.132 Safari/537.36"
34.220.58.226 user-identifier - [02/Apr/2019:07:13:18 +0000] "GET / HTTP/1.1" 200 2068 "-" "Go-http-client/1.1"
69.25.58.55 user-identifier - [02/Apr/2019:08:58:04 +0000] "GET / HTTP/1.1" 200 2068 "-" "Mozilla/5.0 (Windows NT 10.0; WOW64) AppleWebKit/537.36 (KHTML, like Gecko) Chrome/67.0.3396.79 Safari/537.16"
69.4.87.74 user-identifier - [02/Apr/2019:08:49:21 +0000] "GET /assets/main.css HTTP/1.1" 200 3366 "-" "Mozilla/5.0 (Macintosh; Intel Mac OS X 10.13; rv:58.0) Gecko/20100101 Firefox/58.0"
69.4.87.74 user-identifier - [02/Apr/2019:08:49:24 +0000] "GET /assets/main.css HTTP/1.1" 200 3366 "-" "Mozilla/5.0 (Windows NT 10.0; Win64; x64) AppleWebKit/537.36 (KHTML, like Gecko) Chrome/58.0.3029.110 Safari/537.36 Edge/16.16299"
69.25.58.55 user-identifier - [02/Apr/2019:08:58:04 +0000] "GET / HTTP/1.1" 200 2068 "-" "Mozilla/5.0 (Windows NT 10.0; WOW64) AppleWebKit/537.36 (KHTML, like Gecko) Chrome/67.0.3396.79 Safari/537.16"
85.203.20.11 user-identifier - [02/Apr/2019:08:55:47 +0000] "GET / HTTP/1.1" 200 2068 "http://zacs.site/" "Mozilla/5.0 (iPhone; CPU iPhone OS 12_1_4 like Mac OS X) AppleWebKit/605.1.15 (KHTML, like Gecko) Mobile/16D57"
165.227.0.128 user-identifier - [02/Apr/2019:08:56:29 +0000] "GET /assets/main.css HTTP/1.1" 200 3366 "http://zacs.site/" "Mozilla/5.0 (Windows NT 10.0; Win64; x64) AppleWebKit/537.36 (KHTML, like Gecko) Chrome/52.0.2743.116 Safari/537.36 Edge/15.15063"
165.227.0.128 user-identifier - [02/Apr/2019:08:56:29 +0000] "GET / HTTP/1.1" 200 2068 "-" "Mozilla/5.0 (Windows NT 10.0; Win64; x64) AppleWebKit/537.36 (KHTML, like Gecko) Chrome/52.0.2743.116 Safari/537.36 Edge/15.15063"
165.227.0.128 user-identifier - [02/Apr/2019:08:56:29 +0000] "GET /assets/Images/zjs.jpg HTTP/1.1" 200 137939 "http://zacs.site/" "Mozilla/5.0 (Windows NT 10.0; Win64; x64) AppleWebKit/537.36 (KHTML, like Gecko) Chrome/52.0.2743.116 Safari/537.36 Edge/15.15063"
165.227.0.128 user-identifier - [02/Apr/2019:08:56:34 +0000] "GET /assets/main.css HTTP/1.1" 200 3366 "http://zacs.site/" "Mozilla/5.0 (Windows NT 10.0; Win64; x64) AppleWebKit/537.36 (KHTML, like Gecko) Chrome/52.0.2743.116 Safari/537.36 Edge/15.15063"
165.227.0.128 user-identifier - [02/Apr/2019:08:56:34 +0000] "GET /assets/Images/zjs.jpg HTTP/1.1" 200 137939 "http://zacs.site/" "Mozilla/5.0 (Windows NT 10.0; Win64; x64) AppleWebKit/537.36 (KHTML, like Gecko) Chrome/52.0.2743.116 Safari/537.36 Edge/15.15063"
165.227.0.128 user-identifier - [02/Apr/2019:08:56:34 +0000] "GET / HTTP/1.1" 200 2068 "-" "Mozilla/5.0 (Windows NT 10.0; Win64; x64) AppleWebKit/537.36 (KHTML, like Gecko) Chrome/52.0.2743.116 Safari/537.36 Edge/15.15063"
93.119.227.91 user-identifier - [02/Apr/2019:08:49:24 +0000] "GET /assets/Images/zjs.jpg HTTP/1.1" 200 137939 "-" "Mozilla/5.0 (Macintosh; Intel Mac OS X 10.13; rv:58.0) Gecko/20100101 Firefox/58.0"
93.119.227.91 user-identifier - [02/Apr/2019:08:49:24 +0000] "GET / HTTP/1.1" 200 2068 "-" "Mozilla/5.0 (Macintosh; Intel Mac OS X 10.13; rv:58.0) Gecko/20100101 Firefox/58.0"
185.220.70.195 user-identifier - [02/Apr/2019:08:47:28 +0000] "GET /assets/main.css HTTP/1.1" 200 3366 "-" "Mozilla/5.0 (Macintosh; Intel Mac OS X 10_13_5) AppleWebKit/537.36 (KHTML, like Gecko) Chrome/67.0.3396.87 Safari/537.36"
93.119.227.91 user-identifier - [02/Apr/2019:08:49:21 +0000] "GET / HTTP/1.1" 200 2068 "-" "Mozilla/5.0 (Macintosh; Intel Mac OS X 10_12_6) AppleWebKit/537.36 (KHTML, like Gecko) Chrome/64.0.3282.186 Safari/537.36"
93.119.227.91 user-identifier - [02/Apr/2019:08:49:22 +0000] "GET /assets/Images/zjs.jpg HTTP/1.1" 200 137939 "-" "Mozilla/5.0 (Macintosh; Intel Mac OS X 10_12_6) AppleWebKit/537.36 (KHTML, like Gecko) Chrome/64.0.3282.186 Safari/537.36"
69.4.87.74 user-identifier - [02/Apr/2019:08:49:21 +0000] "GET / HTTP/1.1" 200 2068 "-" "Mozilla/5.0 (Macintosh; Intel Mac OS X 10.13; rv:58.0) Gecko/20100101 Firefox/58.0"
69.4.87.74 user-identifier - [02/Apr/2019:08:49:21 +0000] "GET /assets/Images/zjs.jpg HTTP/1.1" 200 137939 "-" "Mozilla/5.0 (Macintosh; Intel Mac OS X 10.13; rv:58.0) Gecko/20100101 Firefox/58.0"
185.220.70.195 user-identifier - [02/Apr/2019:08:47:28 +0000] "GET /assets/Images/zjs.jpg HTTP/1.1" 200 137939 "-" "Mozilla/5.0 (Macintosh; Intel Mac OS X 10_13_5) AppleWebKit/537.36 (KHTML, like Gecko) Chrome/67.0.3396.87 Safari/537.36"
185.220.70.195 user-identifier - [02/Apr/2019:08:47:28 +0000] "GET / HTTP/1.1" 200 2068 "-" "Mozilla/5.0 (Macintosh; Intel Mac OS X 10_13_5) AppleWebKit/537.36 (KHTML, like Gecko) Chrome/67.0.3396.87 Safari/537.36"
69.4.87.74 user-identifier - [02/Apr/2019:08:49:24 +0000] "GET / HTTP/1.1" 200 2068 "-" "Mozilla/5.0 (Windows NT 10.0; Win64; x64) AppleWebKit/537.36 (KHTML, like Gecko) Chrome/58.0.3029.110 Safari/537.36 Edge/16.16299"
69.4.87.74 user-identifier - [02/Apr/2019:08:49:24 +0000] "GET /assets/Images/zjs.jpg HTTP/1.1" 200 137939 "-" "Mozilla/5.0 (Windows NT 10.0; Win64; x64) AppleWebKit/537.36 (KHTML, like Gecko) Chrome/58.0.3029.110 Safari/537.36 Edge/16.16299"
69.25.58.55 user-identifier - [02/Apr/2019:08:58:20 +0000] "GET / HTTP/1.1" 200 2068 "-" "Mozilla/5.0 (Windows NT 10.0; WOW64) AppleWebKit/537.36 (KHTML, like Gecko) Chrome/67.0.3396.79 Safari/537.16"
69.25.58.55 user-identifier - [02/Apr/2019:08:58:21 +0000] "GET /assets/favicon.ico HTTP/1.1" 200 1846 "-" "Mozilla/5.0 (Windows NT 10.0; WOW64) AppleWebKit/537.36 (KHTML, like Gecko) Chrome/67.0.3396.79 Safari/537.16"
